Archive member included to satisfy reference by file (symbol)

C:/msys64/opt/wonderful/thirdparty/blocksds/core/libs/maxmod/lib\libmm9.a(mm_stream.c.o)
                              build/NQMT/source/main.cpp.o (mmStreamUpdate)
C:/msys64/opt/wonderful/thirdparty/blocksds/core/libs/maxmod/lib\libmm9.a(mm_comms9.c.o)
                              C:/msys64/opt/wonderful/thirdparty/blocksds/core/libs/maxmod/lib\libmm9.a(mm_stream.c.o) (mmStreamBegin)
C:/msys64/opt/wonderful/thirdparty/blocksds/core/libs/maxmod/lib\libmm9.a(mm_main9.c.o)
                              C:/msys64/opt/wonderful/thirdparty/blocksds/core/libs/maxmod/lib\libmm9.a(mm_comms9.c.o) (mmActiveStatus)
C:/msys64/opt/wonderful/thirdparty/blocksds/core/libs/maxmod/lib\libmm9.a(mm_soundbank.c.o)
                              C:/msys64/opt/wonderful/thirdparty/blocksds/core/libs/maxmod/lib\libmm9.a(mm_main9.c.o) (mmSoundBankInMemory)
C:/msys64/opt/wonderful/thirdparty/blocksds/core/libs/libnds/lib\libnds9.a(IntrWait.s.o)
                              build/NQMT/source/main.cpp.o (swiWaitForVBlank)
C:/msys64/opt/wonderful/thirdparty/blocksds/core/libs/libnds/lib\libnds9.a(mpu_setup.s.o)
                              C:/msys64/opt/wonderful/thirdparty/blocksds/core/sys/crts/ds_arm9_crt0.o (__libnds_mpu_setup)
C:/msys64/opt/wonderful/thirdparty/blocksds/core/libs/libnds/lib\libnds9.a(dma.s.o)
                              build/NQMT/source/notquite.cpp.o (dmaSetParams)
C:/msys64/opt/wonderful/thirdparty/blocksds/core/libs/libnds/lib\libnds9.a(memcpy.s.o)
                              build/NQMT/source/notquite.cpp.o (memcpy)
C:/msys64/opt/wonderful/thirdparty/blocksds/core/libs/libnds/lib\libnds9.a(memset.s.o)
                              build/NQMT/source/main.cpp.o (memset)
C:/msys64/opt/wonderful/thirdparty/blocksds/core/libs/libnds/lib\libnds9.a(console.c.o)
                              build/NQMT/source/main.cpp.o (consoleDemoInit)
C:/msys64/opt/wonderful/thirdparty/blocksds/core/libs/libnds/lib\libnds9.a(chdir.c.o)
                              build/NQMT/engine/source/nqmt_fs.cpp.o (chdir)
C:/msys64/opt/wonderful/thirdparty/blocksds/core/libs/libnds/lib\libnds9.a(crt0_argv.c.o)
                              C:/msys64/opt/wonderful/thirdparty/blocksds/core/sys/crts/ds_arm9_crt0.o (build_argv)
C:/msys64/opt/wonderful/thirdparty/blocksds/core/libs/libnds/lib\libnds9.a(dirent.c.o)
                              build/NQMT/engine/source/nqmt_fs.cpp.o (opendir)
C:/msys64/opt/wonderful/thirdparty/blocksds/core/libs/libnds/lib\libnds9.a(fatfs.c.o)
                              C:/msys64/opt/wonderful/thirdparty/blocksds/core/libs/libnds/lib\libnds9.a(chdir.c.o) (fatfs_error_to_posix)
C:/msys64/opt/wonderful/thirdparty/blocksds/core/libs/libnds/lib\libnds9.a(filesystem.c.o)
                              C:/msys64/opt/wonderful/thirdparty/blocksds/core/libs/libnds/lib\libnds9.a(chdir.c.o) (current_drive_is_nitrofs)
C:/msys64/opt/wonderful/thirdparty/blocksds/core/libs/libnds/lib\libnds9.a(iob.c.o)
                              C:/msys64/opt/wonderful/thirdparty/blocksds/core/libs/libnds/lib\libnds9.a(console.c.o) (stderr)
C:/msys64/opt/wonderful/thirdparty/blocksds/core/libs/libnds/lib\libnds9.a(nitrofs.c.o)
                              C:/msys64/opt/wonderful/thirdparty/blocksds/core/libs/libnds/lib\libnds9.a(dirent.c.o) (nitrofs_use_for_path)
C:/msys64/opt/wonderful/thirdparty/blocksds/core/libs/libnds/lib\libnds9.a(sassert.c.o)
                              build/NQMT/engine/source/nqmt_gfx.cpp.o (__sassert)
C:/msys64/opt/wonderful/thirdparty/blocksds/core/libs/libnds/lib\libnds9.a(card.c.o)
                              C:/msys64/opt/wonderful/thirdparty/blocksds/core/libs/libnds/lib\libnds9.a(nitrofs.c.o) (cardReadArm7)
C:/msys64/opt/wonderful/thirdparty/blocksds/core/libs/libnds/lib\libnds9.a(dldi.c.o)
                              C:/msys64/opt/wonderful/thirdparty/blocksds/core/libs/libnds/lib\libnds9.a(nitrofs.c.o) (dldiGetMode)
C:/msys64/opt/wonderful/thirdparty/blocksds/core/libs/libnds/lib\libnds9.a(cache.c.o)
                              C:/msys64/opt/wonderful/thirdparty/blocksds/core/libs/maxmod/lib\libmm9.a(mm_stream.c.o) (CP15_CleanAndFlushDCacheRange)
C:/msys64/opt/wonderful/thirdparty/blocksds/core/libs/libnds/lib\libnds9.a(initSystem.c.o)
                              C:/msys64/opt/wonderful/thirdparty/blocksds/core/sys/crts/ds_arm9_crt0.o (__dsimode)
C:/msys64/opt/wonderful/thirdparty/blocksds/core/libs/libnds/lib\libnds9.a(keys.c.o)
                              C:/msys64/opt/wonderful/thirdparty/blocksds/core/libs/libnds/lib\libnds9.a(iob.c.o) (scanKeys)
C:/msys64/opt/wonderful/thirdparty/blocksds/core/libs/libnds/lib\libnds9.a(securearea.c.o)
                              C:/msys64/opt/wonderful/thirdparty/blocksds/core/sys/crts/ds_arm9_crt0.o (__secure_area__)
C:/msys64/opt/wonderful/thirdparty/blocksds/core/libs/libnds/lib\libnds9.a(system.c.o)
[...]
Memory Configuration

Name             Origin             Length             Attributes
ewram            0x02000000         0x00380000
dtcm             0x02ff0000         0x00004000
itcm             0x01000000         0x00008000
*default*        0x00000000         0xffffffff

Linker script and memory map

                0x00000000                        PROVIDE (__dtcm_data_size = 0x0)
                0x00000001                        ASSERT (((__dtcm_data_size & 0x3) == 0x0), __dtcm_data_size must be a multiple of 4)
                0x00004000                        PROVIDE (__dldi_size = 0x4000)
                0x00000040                        PROVIDE (__dtcm_reserved_size = 0x40)
                0x00000001                        ASSERT (((__dtcm_reserved_size & 0x3) == 0x0), __dtcm_reserved_size must be a multiple of 4)
                0x00000100                        PROVIDE (__svc_stack_size = 0x100)
                0x00000001                        ASSERT (((__svc_stack_size & 0x3) == 0x0), __svc_stack_size must be a multiple of 4)
                0x00000100                        PROVIDE (__irq_stack_size = 0x100)
                0x00000001                        ASSERT (((__irq_stack_size & 0x3) == 0x0), __irq_stack_size must be a multiple of 4)
                0x00000000                        PROVIDE (__usr_stack_size = 0x0)
                0x00000001                        ASSERT (((__usr_stack_size & 0x3) == 0x0), __usr_stack_size must be a multiple of 4)
                0x02380000                        __ewram_end = (ORIGIN (ewram) + LENGTH (ewram))
                0x02380000                        __eheap_end = (ORIGIN (ewram) + LENGTH (ewram))
                0x02ff0000                        __dtcm_start = ORIGIN (dtcm)
                0x02ff4000                        __dtcm_top = (ORIGIN (dtcm) + LENGTH (dtcm))
                0x02ff3ff8                        __irq_flags = (__dtcm_top - 0x8)
                0x02ff3ffc                        __irq_vector = (__dtcm_top - 0x4)
                0x02ff3fc0                        __sp_svc = (__dtcm_top - __dtcm_reserved_size)
                0x02ff3ec0                        __sp_irq = (__sp_svc - __svc_stack_size)
                0x02ff3dc0                        __sp_usr = ((__sp_irq - __irq_stack_size) - __dtcm_data_size)
                0x02ff0000                        __dtcm_data_start = (__dtcm_data_size > 0x0)?__sp_usr:ORIGIN (dtcm)
                0x02ff3dc0                        __dtcm_data_top = (__dtcm_data_size > 0x0)?(__sp_irq - __irq_stack_size):(__sp_usr - __usr_stack_size)
                0x0000000e                        __dldi_log2_size = (LOG2CEIL ((__dldi_size + 0x1)) - 0x1)

.secure         0x02000000      0x800
 *(.secure)
 .secure        0x02000000      0x800 C:/msys64/opt/wonderful/thirdparty/blocksds/core/libs/libnds/lib\libnds9.a(securearea.c.o)
                0x02000000                __secure_area__

.crt0           0x02000800      0x2d4
                0x02000800                        __text_start = .
 *(.crt0)
 .crt0          0x02000800      0x2d4 C:/msys64/opt/wonderful/thirdparty/blocksds/core/sys/crts/ds_arm9_crt0.o
                0x02000800                _start
                0x02000ad4                        . = ALIGN (0x4)

.dldi           0x02000b00     0x4000
                0x02000b00                        __dldi_start = .
 *(.dldi)
 .dldi          0x02000b00       0x88 C:/msys64/opt/wonderful/thirdparty/blocksds/core/libs/libnds/lib\libnds9.a(dldi_stub.s.o)
                0x02000b00                _io_dldi_stub
                0x02000b88                        . = ALIGN (0x4)
                0x02000b88                        __dldi_data_end = .
                0x02004b00                        __dldi_end = (__dldi_data_end > __dldi_start)?(__dldi_start + __dldi_size):__dldi_start
                0x02004b00                        . = __dldi_end
 *fill*         0x02000b88     0x3f78 00
                0x02004b00                        . = ALIGN (0x4)

.plt
 *(.plt)

.init           0x02004b00        0x8
 *(SORT_NONE(.init))
 .init          0x02004b00        0x8 C:/msys64/opt/wonderful/toolchain/gcc-arm-none-eabi/lib/gcc/arm-none-eabi/15.1.0/thumb/arm946e-s/crtn.o

.text           0x02004b08     0xd6e8
 *(EXCLUDE_FILE(*.twl* *.itcm*) .text)
 .text          0x02004b08        0xe C:/msys64/opt/wonderful/toolchain/gcc-arm-none-eabi/lib/gcc/arm-none-eabi/15.1.0/../../../../arm-none-eabi/lib/thumb/arm946e-s\libc.a(strlen.S.o)
                0x02004b08                strlen
 *fill*         0x02004b16        0x2 ff
 .text          0x02004b18       0x14 C:/msys64/opt/wonderful/toolchain/gcc-arm-none-eabi/lib/gcc/arm-none-eabi/15.1.0/thumb/arm946e-s\libgcc.a(_thumb1_case_uqi.o)
                0x02004b18                __gnu_thumb1_case_uqi
 .text          0x02004b2c       0x14 C:/msys64/opt/wonderful/toolchain/gcc-arm-none-eabi/lib/gcc/arm-none-eabi/15.1.0/thumb/arm946e-s\libgcc.a(_thumb1_case_uhi.o)
                0x02004b2c                __gnu_thumb1_case_uhi
 .text          0x02004b40      0x214 C:/msys64/opt/wonderful/toolchain/gcc-arm-none-eabi/lib/gcc/arm-none-eabi/15.1.0/thumb/arm946e-s\libgcc.a(_udivsi3.o)
                0x02004b40                __aeabi_uidiv
                0x02004b40                __udivsi3
                0x02004d34                __aeabi_uidivmod
 .text          0x02004d54      0x248 C:/msys64/opt/wonderful/toolchain/gcc-arm-none-eabi/lib/gcc/arm-none-eabi/15.1.0/thumb/arm946e-s\libgcc.a(_divsi3.o)
                0x02004d54                __divsi3
                0x02004d54                __aeabi_idiv
                0x02004f7c                __aeabi_idivmod
 .text          0x02004f9c        0x4 C:/msys64/opt/wonderful/toolchain/gcc-arm-none-eabi/lib/gcc/arm-none-eabi/15.1.0/thumb/arm946e-s\libgcc.a(_dvmd_tls.o)
                0x02004f9c                __aeabi_idiv0
                0x02004f9c                __aeabi_ldiv0
 .text          0x02004fa0       0x18 C:/msys64/opt/wonderful/toolchain/gcc-arm-none-eabi/lib/gcc/arm-none-eabi/15.1.0/thumb/arm946e-s\libgcc.a(_lshrdi3.o)
                0x02004fa0                __lshrdi3
                0x02004fa0                __aeabi_llsr
 .text          0x02004fb8       0x1c C:/msys64/opt/wonderful/toolchain/gcc-arm-none-eabi/lib/gcc/arm-none-eabi/15.1.0/thumb/arm946e-s\libgcc.a(_ashrdi3.o)
                0x02004fb8                __aeabi_lasr
                0x02004fb8                __ashrdi3
 .text          0x02004fd4       0x18 C:/msys64/opt/wonderful/toolchain/gcc-arm-none-eabi/lib/gcc/arm-none-eabi/15.1.0/thumb/arm946e-s\libgcc.a(_ashldi3.o)
                0x02004fd4                __aeabi_llsl
                0x02004fd4                __ashldi3
 .text          0x02004fec      0x3c0 C:/msys64/opt/wonderful/toolchain/gcc-arm-none-eabi/lib/gcc/arm-none-eabi/15.1.0/thumb/arm946e-s\libgcc.a(_arm_addsubdf3.o)
                0x02004fec                __aeabi_drsub
                0x02004ff4                __aeabi_dsub
                0x02004ff4                __subdf3
                0x02004ff8                __aeabi_dadd
                0x02004ff8                __adddf3
                0x020052a4                __floatunsidf
                0x020052a4                __aeabi_ui2d
                0x020052c8                __floatsidf
                0x020052c8                __aeabi_i2d
                0x020052f0                __aeabi_f2d
                0x020052f0                __extendsfdf2
                0x02005338                __floatundidf
                0x02005338                __aeabi_ul2d
                0x0200534c                __floatdidf
                0x0200534c                __aeabi_l2d
 .text          0x020053ac       0xa0 C:/msys64/opt/wonderful/toolchain/gcc-arm-none-eabi/lib/gcc/arm-none-eabi/15.1.0/thumb/arm946e-s\libgcc.a(_arm_truncdfsf2.o)
                0x020053ac                __truncdfsf2
                0x020053ac                __aeabi_d2f
 .text          0x0200544c        0x8 C:/msys64/opt/wonderful/toolchain/gcc-arm-none-eabi/lib/gcc/arm-none-eabi/15.1.0/thumb/arm946e-s\libgcc.a(_clzsi2.o)
                0x0200544c                __clzsi2
 .text          0x02005454       0x14 C:/msys64/opt/wonderful/toolchain/gcc-arm-none-eabi/lib/gcc/arm-none-eabi/15.1.0/thumb/arm946e-s\libgcc.a(_clzdi2.o)
                0x02005454                __clzdi2
 .text          0x02005468       0xd4 C:/msys64/opt/wonderful/toolchain/gcc-arm-none-eabi/lib/gcc/arm-none-eabi/15.1.0/thumb/arm946e-s\libgcc.a(_aeabi_ldivmod.o)
                0x02005468                __aeabi_ldivmod
 .text          0x0200553c       0x3c C:/msys64/opt/wonderful/toolchain/gcc-arm-none-eabi/lib/gcc/arm-none-eabi/15.1.0/thumb/arm946e-s\libgcc.a(_aeabi_uldivmod.o)
                0x0200553c                __aeabi_uldivmod
 .text          0x02005578       0x54 C:/msys64/opt/wonderful/toolchain/gcc-arm-none-eabi/lib/gcc/arm-none-eabi/15.1.0/thumb/arm946e-s\libgcc.a(_muldi3.o)
                0x02005578                __muldi3
                0x02005578                __aeabi_lmul
 .text          0x020055cc      0x190 C:/msys64/opt/wonderful/toolchain/gcc-arm-none-eabi/lib/gcc/arm-none-eabi/15.1.0/thumb/arm946e-s\libgcc.a(_udivmoddi4.o)
                0x020055cc                __udivmoddi4
 *(EXCLUDE_FILE(*.twl* *.itcm*) .stub)
 *(EXCLUDE_FILE(*.twl* *.itcm*) .text.*)
 .text.startup.main
                0x0200575c      0x24c build/NQMT/source/main.cpp.o
                0x0200575c                main
 .text._ZN4NQMT16timer3_interruptEv
                0x020059a8       0x28 build/NQMT/engine/source/nqmt_audio.cpp.o
                0x020059a8                NQMT::timer3_interrupt()
 .text._ZN4NQMT17on_stream_requestEjPv17mm_stream_formats
                0x020059d0       0x50 build/NQMT/engine/source/nqmt_audio.cpp.o
                0x020059d0                NQMT::on_stream_request(unsigned int, void*, mm_stream_formats)
 .text._ZN4NQMT9initAudioEv
                0x02005a20       0x58 build/NQMT/engine/source/nqmt_audio.cpp.o
                0x02005a20                NQMT::initAudio()
 .text._ZN4NQMT10PlayStreamEv
                0x02005a78       0x84 build/NQMT/engine/source/nqmt_audio.cpp.o
                0x02005a78                NQMT::PlayStream()
 .text._ZN4NQMT8LoadSongEPKc
                0x02005afc       0x1c build/NQMT/engine/source/nqmt_audio.cpp.o
                0x02005afc                NQMT::LoadSong(char const*)
 .text._ZN4NQMT8InitNQMTEv
                0x02005b18       0x14 build/NQMT/engine/source/nqmt_engine.cpp.o
                0x02005b18                NQMT::InitNQMT()
 .text._ZN4NQMT12EventHandlerC2EPKchPNS_5eventE
                0x02005b2c       0x34 build/NQMT/engine/source/nqmt_event.cpp.o
                0x02005b2c                NQMT::EventHandler::EventHandler(char const*, unsigned char, NQMT::event*)
                0x02005b2c                NQMT::EventHandler::EventHandler(char const*, unsigned char, NQMT::event*)
 .text._ZN4NQMT12EventHandler6UpdateEm
                0x02005b60       0xdc build/NQMT/engine/source/nqmt_event.cpp.o
                0x02005b60                NQMT::EventHandler::Update(unsigned long)
 .text._ZN4NQMT6initFSEv
                0x02005c3c       0x1c build/NQMT/engine/source/nqmt_fs.cpp.o
                0x02005c3c                NQMT::initFS()
 .text._ZN4NQMT6InitBGEv
                0x02005c58       0x48 build/NQMT/engine/source/nqmt_gfx.cpp.o
                0x02005c58                NQMT::InitBG()
 .text._ZN4NQMT13SetBackgroundENS_8BGHeaderE
                0x02005ca0       0xc4 build/NQMT/engine/source/nqmt_gfx.cpp.o
                0x02005ca0                NQMT::SetBackground(NQMT::BGHeader)
 .text._ZN4NQMT7InitGfxEv
                0x02005d64       0x1c build/NQMT/engine/source/nqmt_gfx.cpp.o
                0x02005d64                NQMT::InitGfx()
 .text._ZN4NQMT20SetBackgroundPaletteEPvm
                0x02005d80       0x28 build/NQMT/engine/source/nqmt_gfx.cpp.o
                0x02005d80                NQMT::SetBackgroundPalette(void*, unsigned long)
 .text._ZN4NQMT16SetSpritePaletteEPvm
                0x02005da8       0x28 build/NQMT/engine/source/nqmt_gfx.cpp.o
                0x02005da8                NQMT::SetSpritePalette(void*, unsigned long)
 .text._ZN4NQMT8Sprite2DC2Ev
                0x02005dd0        0xc build/NQMT/engine/source/nqmt_gfx.cpp.o
                0x02005dd0                NQMT::Sprite2D::Sprite2D()
                0x02005dd0                NQMT::Sprite2D::Sprite2D()
 .text._ZN4NQMT8Sprite2DC2EhRNS_12SpriteHeaderE
                0x02005ddc       0x10 build/NQMT/engine/source/nqmt_gfx.cpp.o
                0x02005ddc                NQMT::Sprite2D::Sprite2D(unsigned char, NQMT::SpriteHeader&)
                0x02005ddc                NQMT::Sprite2D::Sprite2D(unsigned char, NQMT::SpriteHeader&)
 .text._ZN4NQMT8Sprite2D9SetHeaderERNS_12SpriteHeaderE
                0x02005dec       0x14 build/NQMT/engine/source/nqmt_gfx.cpp.o
                0x02005dec                NQMT::Sprite2D::SetHeader(NQMT::SpriteHeader&)
 .text._ZN4NQMT8Sprite2D12_SetPositionEii
                0x02005e00        0x8 build/NQMT/engine/source/nqmt_gfx.cpp.o
                0x02005e00                NQMT::Sprite2D::_SetPosition(int, int)
 .text._ZN4NQMT8Sprite2D11SetPositionEii
                0x02005e08       0x48 build/NQMT/engine/source/nqmt_gfx.cpp.o
                0x02005e08                NQMT::Sprite2D::SetPosition(int, int)
 .text._ZN4NQMT12SpriteHeaderC2EPvmh
                0x02005e50       0x58 build/NQMT/engine/source/nqmt_gfx.cpp.o
                0x02005e50                NQMT::SpriteHeader::SpriteHeader(void*, unsigned long, unsigned char)
                0x02005e50                NQMT::SpriteHeader::SpriteHeader(void*, unsigned long, unsigned char)
 .text._ZN4NQMT12SpriteHeader8GetWidthEv
                0x02005ea8       0x40 build/NQMT/engine/source/nqmt_gfx.cpp.o
                0x02005ea8                NQMT::SpriteHeader::GetWidth()
 .text._ZN4NQMT12SpriteHeader9GetHeightEv
                0x02005ee8       0x40 build/NQMT/engine/source/nqmt_gfx.cpp.o
                0x02005ee8                NQMT::SpriteHeader::GetHeight()
 .text._ZN4NQMT8Sprite2D6UpdateEv
                0x02005f28       0xbc build/NQMT/engine/source/nqmt_gfx.cpp.o
                0x02005f28                NQMT::Sprite2D::Update()
 .text.StreamExecuteUpdate
                0x02005fe4      0x22c C:/msys64/opt/wonderful/thirdparty/blocksds/core/libs/maxmod/lib\libmm9.a(mm_stream.c.o)
 .text.mmStreamUpdate
                0x02006210       0x58 C:/msys64/opt/wonderful/thirdparty/blocksds/core/libs/maxmod/lib\libmm9.a(mm_stream.c.o)
                0x02006210                mmStreamUpdate
 .text.mmStreamOpen
                0x02006268      0x130 C:/msys64/opt/wonderful/thirdparty/blocksds/core/libs/maxmod/lib\libmm9.a(mm_stream.c.o)
                0x02006268                mmStreamOpen
 .text.mmStreamClose
                0x02006398       0x38 C:/msys64/opt/wonderful/thirdparty/blocksds/core/libs/maxmod/lib\libmm9.a(mm_stream.c.o)
                0x02006398                mmStreamClose
 .text.mmReceiveMessage
                0x020063d0       0x54 C:/msys64/opt/wonderful/thirdparty/blocksds/core/libs/maxmod/lib\libmm9.a(mm_comms9.c.o)
 .text.mmSetupComms
                0x02006424       0x18 C:/msys64/opt/wonderful/thirdparty/blocksds/core/libs/maxmod/lib\libmm9.a(mm_comms9.c.o)
                0x02006424                mmSetupComms
 .text.mmSendBank
                0x0200643c       0x24 C:/msys64/opt/wonderful/thirdparty/blocksds/core/libs/maxmod/lib\libmm9.a(mm_comms9.c.o)
                0x0200643c                mmSendBank
 .text.mmStreamBegin
                0x02006460       0x48 C:/msys64/opt/wonderful/thirdparty/blocksds/core/libs/maxmod/lib\libmm9.a(mm_comms9.c.o)
                0x02006460                mmStreamBegin
 .text.mmStreamEnd
                0x020064a8       0x30 C:/msys64/opt/wonderful/thirdparty/blocksds/core/libs/maxmod/lib\libmm9.a(mm_comms9.c.o)
                0x020064a8                mmStreamEnd
 .text.mmInit   0x020064d8       0x80 C:/msys64/opt/wonderful/thirdparty/blocksds/core/libs/maxmod/lib\libmm9.a(mm_main9.c.o)
                0x020064d8                mmInit
 .text.swiWaitForVBlank
                0x02006558       0x78 C:/msys64/opt/wonderful/thirdparty/blocksds/core/libs/libnds/lib\libnds9.a(IntrWait.s.o)
                0x02006558                swiWaitForVBlank
                0x02006560                swiIntrWait
 .text.__libnds_mpu_setup
                0x020065d0      0x1c4 C:/msys64/opt/wonderful/thirdparty/blocksds/core/libs/libnds/lib\libnds9.a(mpu_setup.s.o)
                0x020065d0                __libnds_mpu_setup
 .text.CP15_MPUDisable
                0x02006794       0x3c C:/msys64/opt/wonderful/thirdparty/blocksds/core/libs/libnds/lib\libnds9.a(mpu_setup.s.o)
                0x02006794                CP15_MPUDisable
 .text.memUncached
                0x020067d0       0x20 C:/msys64/opt/wonderful/thirdparty/blocksds/core/libs/libnds/lib\libnds9.a(mpu_setup.s.o)
                0x020067d0                memUncached
 .text.dmaSetParams
                0x020067f0       0x1c C:/msys64/opt/wonderful/thirdparty/blocksds/core/libs/libnds/lib\libnds9.a(dma.s.o)
                0x020067f0                dmaSetParams
 .text.__aeabi_memcpy
                0x0200680c       0xc8 C:/msys64/opt/wonderful/thirdparty/blocksds/core/libs/libnds/lib\libnds9.a(memcpy.s.o)
                0x0200680c                __aeabi_memcpy
                0x02006844                __aeabi_memcpy4
                0x02006844                __aeabi_memcpy8
                0x020068b0                __ndsabi_memcpy2
 .text.__ndsabi_memcpy1
                0x020068d4       0x14 C:/msys64/opt/wonderful/thirdparty/blocksds/core/libs/libnds/lib\libnds9.a(memcpy.s.o)
                0x020068d4                __ndsabi_memcpy1
 .text.memcpy   0x020068e8       0x10 C:/msys64/opt/wonderful/thirdparty/blocksds/core/libs/libnds/lib\libnds9.a(memcpy.s.o)
                0x020068e8                memcpy
 .text.__aeabi_memset
                0x020068f8       0x9c C:/msys64/opt/wonderful/thirdparty/blocksds/core/libs/libnds/lib\libnds9.a(memset.s.o)
                0x020068f8                __aeabi_memset
                0x0200691c                __aeabi_memset8
                0x0200691c                __aeabi_memset4
                0x02006928                __ndsabi_wordset4
                0x0200692c                __ndsabi_lwordset4
 .text.__ndsabi_memset1
                0x02006994       0x10 C:/msys64/opt/wonderful/thirdparty/blocksds/core/libs/libnds/lib\libnds9.a(memset.s.o)
                0x02006994                __ndsabi_memset1
 .text.memset   0x020069a4       0x1c C:/msys64/opt/wonderful/thirdparty/blocksds/core/libs/libnds/lib\libnds9.a(memset.s.o)
                0x020069a4                memset
 .text.newRow   0x020069c0       0x88 C:/msys64/opt/wonderful/thirdparty/blocksds/core/libs/libnds/lib\libnds9.a(console.c.o)
 .text.consolePrintChar.part.0
                0x02006a48      0x100 C:/msys64/opt/wonderful/thirdparty/blocksds/core/libs/libnds/lib\libnds9.a(console.c.o)
 .text.consolePrintChar
                0x02006b48       0x2c C:/msys64/opt/wonderful/thirdparty/blocksds/core/libs/libnds/lib\libnds9.a(console.c.o)
                0x02006b48                consolePrintChar
 .text.con_write
                0x02006b74      0x330 C:/msys64/opt/wonderful/thirdparty/blocksds/core/libs/libnds/lib\libnds9.a(console.c.o)
 .text.consoleLoadFont
                0x02006ea4      0x24c C:/msys64/opt/wonderful/thirdparty/blocksds/core/libs/libnds/lib\libnds9.a(console.c.o)
                0x02006ea4                consoleLoadFont
 .text.consoleInitEx
                0x020070f0      0x19c C:/msys64/opt/wonderful/thirdparty/blocksds/core/libs/libnds/lib\libnds9.a(console.c.o)
                0x020070f0                consoleInitEx
 .text.consoleDemoInit
                0x0200728c       0x48 C:/msys64/opt/wonderful/thirdparty/blocksds/core/libs/libnds/lib\libnds9.a(console.c.o)
                0x0200728c                consoleDemoInit
 .text.consoleClear
                0x020072d4       0x48 C:/msys64/opt/wonderful/thirdparty/blocksds/core/libs/libnds/lib\libnds9.a(console.c.o)
                0x020072d4                consoleClear
 .text.consoleSetCursor
                0x0200731c       0x24 C:/msys64/opt/wonderful/thirdparty/blocksds/core/libs/libnds/lib\libnds9.a(console.c.o)
                0x0200731c                consoleSetCursor
 .text.consoleSetColor
                0x02007340       0x18 C:/msys64/opt/wonderful/thirdparty/blocksds/core/libs/libnds/lib\libnds9.a(console.c.o)
                0x02007340                consoleSetColor
 .text.consoleArm7Flush
                0x02007358       0x90 C:/msys64/opt/wonderful/thirdparty/blocksds/core/libs/libnds/lib\libnds9.a(console.c.o)
                0x02007358                consoleArm7Flush
 .text.chdir    0x020073e8      0x11c C:/msys64/opt/wonderful/thirdparty/blocksds/core/libs/libnds/lib\libnds9.a(chdir.c.o)
                0x020073e8                chdir
 .text.build_argv
                0x02007504       0x58 C:/msys64/opt/wonderful/thirdparty/blocksds/core/libs/libnds/lib\libnds9.a(crt0_argv.c.o)
                0x02007504                build_argv
 .text.fatfs_error_to_posix
                0x0200755c       0x24 C:/msys64/opt/wonderful/thirdparty/blocksds/core/libs/libnds/lib\libnds9.a(fatfs.c.o)
                0x0200755c                fatfs_error_to_posix
 .text.fatfs_timestamp_to_fattime
                0x02007580       0x28 C:/msys64/opt/wonderful/thirdparty/blocksds/core/libs/libnds/lib\libnds9.a(fatfs.c.o)
                0x02007580                fatfs_timestamp_to_fattime
 .text.get_dirname
                0x020075a8       0x98 C:/msys64/opt/wonderful/thirdparty/blocksds/core/libs/libnds/lib\libnds9.a(fatfs.c.o)
                0x020075a8                get_dirname
 .text.fatGetDefaultCwd
                0x02007640       0x70 C:/msys64/opt/wonderful/thirdparty/blocksds/core/libs/libnds/lib\libnds9.a(fatfs.c.o)
                0x02007640                fatGetDefaultCwd
 .text.fatInit.part.0
                0x020076b0      0x110 C:/msys64/opt/wonderful/thirdparty/blocksds/core/libs/libnds/lib\libnds9.a(fatfs.c.o)
 .text.fatInitDefault
                0x020077c0       0x24 C:/msys64/opt/wonderful/thirdparty/blocksds/core/libs/libnds/lib\libnds9.a(fatfs.c.o)
                0x020077c0                fatInitDefault
 .text.open     0x020077e4       0xf0 C:/msys64/opt/wonderful/thirdparty/blocksds/core/libs/libnds/lib\libnds9.a(filesystem.c.o)
                0x020077e4                open
 .text.read     0x020078d4       0x44 C:/msys64/opt/wonderful/thirdparty/blocksds/core/libs/libnds/lib\libnds9.a(filesystem.c.o)
                0x020078d4                read
 .text.write    0x02007918       0x54 C:/msys64/opt/wonderful/thirdparty/blocksds/core/libs/libnds/lib\libnds9.a(filesystem.c.o)
                0x02007918                write
 .text.close    0x0200796c       0x50 C:/msys64/opt/wonderful/thirdparty/blocksds/core/libs/libnds/lib\libnds9.a(filesystem.c.o)
                0x0200796c                close
 .text.lseek    0x020079bc       0x74 C:/msys64/opt/wonderful/thirdparty/blocksds/core/libs/libnds/lib\libnds9.a(filesystem.c.o)
                0x020079bc                lseek
 .text.putc_buffered
                0x02007a30       0x94 C:/msys64/opt/wonderful/thirdparty/blocksds/core/libs/libnds/lib\libnds9.a(iob.c.o)
 .text.stderr_putc_buffered
                0x02007ac4       0x20 C:/msys64/opt/wonderful/thirdparty/blocksds/core/libs/libnds/lib\libnds9.a(iob.c.o)
 .text.stdin_getc_keyboard
                0x02007ae4       0xf0 C:/msys64/opt/wonderful/thirdparty/blocksds/core/libs/libnds/lib\libnds9.a(iob.c.o)
 .text.stdout_putc_buffered
                0x02007bd4       0x40 C:/msys64/opt/wonderful/thirdparty/blocksds/core/libs/libnds/lib\libnds9.a(iob.c.o)
 .text.nitrofs_read_internal
                0x02007c14       0xe8 C:/msys64/opt/wonderful/thirdparty/blocksds/core/libs/libnds/lib\libnds9.a(nitrofs.c.o)
 .text.nitrofs_dir_state_init
                0x02007cfc       0x9c C:/msys64/opt/wonderful/thirdparty/blocksds/core/libs/libnds/lib\libnds9.a(nitrofs.c.o)
 .text.nitrofs_dir_state_next
                0x02007d98       0xb0 C:/msys64/opt/wonderful/thirdparty/blocksds/core/libs/libnds/lib\libnds9.a(nitrofs.c.o)
 .text.nitrofs_dir_step
                0x02007e48       0xf0 C:/msys64/opt/wonderful/thirdparty/blocksds/core/libs/libnds/lib\libnds9.a(nitrofs.c.o)
 .text.nitrofs_use_for_path
                0x02007f38       0x30 C:/msys64/opt/wonderful/thirdparty/blocksds/core/libs/libnds/lib\libnds9.a(nitrofs.c.o)
                0x02007f38                nitrofs_use_for_path
 .text.nitrofs_path_resolve
                0x02007f68       0x68 C:/msys64/opt/wonderful/thirdparty/blocksds/core/libs/libnds/lib\libnds9.a(nitrofs.c.o)
                0x02007f68                nitrofs_path_resolve
 .text.nitrofs_chdir
                0x02007fd0       0x24 C:/msys64/opt/wonderful/thirdparty/blocksds/core/libs/libnds/lib\libnds9.a(nitrofs.c.o)
                0x02007fd0                nitrofs_chdir
 .text.nitrofs_read
                0x02007ff4       0x30 C:/msys64/opt/wonderful/thirdparty/blocksds/core/libs/libnds/lib\libnds9.a(nitrofs.c.o)
                0x02007ff4                nitrofs_read
 .text.nitrofs_lseek
                0x02008024       0x58 C:/msys64/opt/wonderful/thirdparty/blocksds/core/libs/libnds/lib\libnds9.a(nitrofs.c.o)
                0x02008024                nitrofs_lseek
 .text.nitrofs_close
                0x0200807c       0x10 C:/msys64/opt/wonderful/thirdparty/blocksds/core/libs/libnds/lib\libnds9.a(nitrofs.c.o)
                0x0200807c                nitrofs_close
 .text.nitroFSOpenById
                0x0200808c       0x6c C:/msys64/opt/wonderful/thirdparty/blocksds/core/libs/libnds/lib\libnds9.a(nitrofs.c.o)
                0x0200808c                nitroFSOpenById
 .text.nitrofs_open
                0x020080f8       0x4c C:/msys64/opt/wonderful/thirdparty/blocksds/core/libs/libnds/lib\libnds9.a(nitrofs.c.o)
                0x020080f8                nitrofs_open
 .text.__sassert
                0x02008144       0x90 C:/msys64/opt/wonderful/thirdparty/blocksds/core/libs/libnds/lib\libnds9.a(sassert.c.o)
                0x02008144                __sassert
 .text.cardReadArm7
                0x020081d4       0x74 C:/msys64/opt/wonderful/thirdparty/blocksds/core/libs/libnds/lib\libnds9.a(card.c.o)
                0x020081d4                cardReadArm7
 .text.dldi_arm7_read_sectors
                0x02008248       0x64 C:/msys64/opt/wonderful/thirdparty/blocksds/core/libs/libnds/lib\libnds9.a(dldi.c.o)
 .text.dldi_arm7_shutdown
                0x020082ac       0x3c C:/msys64/opt/wonderful/thirdparty/blocksds/core/libs/libnds/lib\libnds9.a(dldi.c.o)
 .text.dldi_arm7_clear_status
                0x020082e8       0x3c C:/msys64/opt/wonderful/thirdparty/blocksds/core/libs/libnds/lib\libnds9.a(dldi.c.o)
 .text.dldi_arm7_is_inserted
                0x02008324       0x3c C:/msys64/opt/wonderful/thirdparty/blocksds/core/libs/libnds/lib\libnds9.a(dldi.c.o)
 .text.dldi_arm7_startup
                0x02008360       0x50 C:/msys64/opt/wonderful/thirdparty/blocksds/core/libs/libnds/lib\libnds9.a(dldi.c.o)
 .text.dldi_arm7_write_sectors
                0x020083b0       0x64 C:/msys64/opt/wonderful/thirdparty/blocksds/core/libs/libnds/lib\libnds9.a(dldi.c.o)
 .text.dldiGetMode
                0x02008414        0xc C:/msys64/opt/wonderful/thirdparty/blocksds/core/libs/libnds/lib\libnds9.a(dldi.c.o)
                0x02008414                dldiGetMode
 .text.dldiGetInternal
                0x02008420       0xac C:/msys64/opt/wonderful/thirdparty/blocksds/core/libs/libnds/lib\libnds9.a(dldi.c.o)
                0x02008420                dldiGetInternal
 .text.dldiGetStubDataEnd
                0x020084cc       0x1c C:/msys64/opt/wonderful/thirdparty/blocksds/core/libs/libnds/lib\libnds9.a(dldi.c.o)
                0x020084cc                dldiGetStubDataEnd
 .text.dldiGetStubEnd
                0x020084e8        0x8 C:/msys64/opt/wonderful/thirdparty/blocksds/core/libs/libnds/lib\libnds9.a(dldi.c.o)
                0x020084e8                dldiGetStubEnd
 .text.initSystem
                0x020084f0      0x114 C:/msys64/opt/wonderful/thirdparty/blocksds/core/libs/libnds/lib\libnds9.a(initSystem.c.o)
                0x020084f0                initSystem
 .text.scanKeys
                0x02008604       0xc4 C:/msys64/opt/wonderful/thirdparty/blocksds/core/libs/libnds/lib\libnds9.a(keys.c.o)
                0x02008604                scanKeys
 .text.keysHeld
                0x020086c8        0xc C:/msys64/opt/wonderful/thirdparty/blocksds/core/libs/libnds/lib\libnds9.a(keys.c.o)
                0x020086c8                keysHeld
 .text.keysCurrent
                0x020086d4       0x44 C:/msys64/opt/wonderful/thirdparty/blocksds/core/libs/libnds/lib\libnds9.a(keys.c.o)
                0x020086d4                keysCurrent
 .text.touchRead
                0x02008718       0x24 C:/msys64/opt/wonderful/thirdparty/blocksds/core/libs/libnds/lib\libnds9.a(keys.c.o)
                0x02008718                touchRead
 .text.setTransferInputData
                0x0200873c       0x1c C:/msys64/opt/wonderful/thirdparty/blocksds/core/libs/libnds/lib\libnds9.a(keys.c.o)
                0x0200873c                setTransferInputData
 .text.systemValueHandler
                0x02008758       0xc4 C:/msys64/opt/wonderful/thirdparty/blocksds/core/libs/libnds/lib\libnds9.a(system.c.o)
                0x02008758                systemValueHandler
 .text.systemMsgHandler
                0x0200881c       0x2c C:/msys64/opt/wonderful/thirdparty/blocksds/core/libs/libnds/lib\libnds9.a(system.c.o)
                0x0200881c                systemMsgHandler
 .text.powerOn  0x02008848       0x2c C:/msys64/opt/wonderful/thirdparty/blocksds/core/libs/libnds/lib\libnds9.a(system.c.o)
                0x02008848                powerOn
 .text.memBufferIsInMainRam
                0x02008874       0x1c C:/msys64/opt/wonderful/thirdparty/blocksds/core/libs/libnds/lib\libnds9.a(system.c.o)
                0x02008874                memBufferIsInMainRam
 .text.checkIfText
                0x02008890       0x6c C:/msys64/opt/wonderful/thirdparty/blocksds/core/libs/libnds/lib\libnds9.a(background.c.o)
                0x02008890                checkIfText
 .text.bgUpdate
                0x020088fc       0xe8 C:/msys64/opt/wonderful/thirdparty/blocksds/core/libs/libnds/lib\libnds9.a(background.c.o)
                0x020088fc                bgUpdate
 .text.bgInit_call
                0x020089e4       0xa8 C:/msys64/opt/wonderful/thirdparty/blocksds/core/libs/libnds/lib\libnds9.a(background.c.o)
                0x020089e4                bgInit_call
 .text.bgInitSub_call
                0x02008a8c       0xb0 C:/msys64/opt/wonderful/thirdparty/blocksds/core/libs/libnds/lib\libnds9.a(background.c.o)
                0x02008a8c                bgInitSub_call
 .text.oamInit  0x02008b3c      0x100 C:/msys64/opt/wonderful/thirdparty/blocksds/core/libs/libnds/lib\libnds9.a(sprite.c.o)
                0x02008b3c                oamInit
 .text.oamGetGfxPtr
                0x02008c3c       0x34 C:/msys64/opt/wonderful/thirdparty/blocksds/core/libs/libnds/lib\libnds9.a(sprite.c.o)
                0x02008c3c                oamGetGfxPtr
 .text.oamGfxPtrToOffset
                0x02008c70       0x34 C:/msys64/opt/wonderful/thirdparty/blocksds/core/libs/libnds/lib\libnds9.a(sprite.c.o)
                0x02008c70                oamGfxPtrToOffset
 .text.oamSet   0x02008ca4      0x10c C:/msys64/opt/wonderful/thirdparty/blocksds/core/libs/libnds/lib\libnds9.a(sprite.c.o)
                0x02008ca4                oamSet
 .text.oamUpdate
                0x02008db0       0x50 C:/msys64/opt/wonderful/thirdparty/blocksds/core/libs/libnds/lib\libnds9.a(sprite.c.o)
                0x02008db0                oamUpdate
 .text.oamAllocReset
                0x02008e00       0x1c C:/msys64/opt/wonderful/thirdparty/blocksds/core/libs/libnds/lib\libnds9.a(sprite_alloc.c.o)
                0x02008e00                oamAllocReset
 .text.oamAllocateGfx
                0x02008e1c      0x578 C:/msys64/opt/wonderful/thirdparty/blocksds/core/libs/libnds/lib\libnds9.a(sprite_alloc.c.o)
                0x02008e1c                oamAllocateGfx
 .text.setBrightness
                0x02009394       0x40 C:/msys64/opt/wonderful/thirdparty/blocksds/core/libs/libnds/lib\libnds9.a(video.c.o)
                0x02009394                setBrightness
 .text.vramDefault
                0x020093d4       0xe4 C:/msys64/opt/wonderful/thirdparty/blocksds/core/libs/libnds/lib\libnds9.a(video.c.o)
                0x020093d4                vramDefault
 .text.cardPolledTransfer
                0x020094b8       0x5c C:/msys64/opt/wonderful/thirdparty/blocksds/core/libs/libnds/lib\libnds9.a(card.c.o)
                0x020094b8                cardPolledTransfer
 .text.cardRead
                0x02009514      0x190 C:/msys64/opt/wonderful/thirdparty/blocksds/core/libs/libnds/lib\libnds9.a(card.c.o)
                0x02009514                cardRead
 .text.cothread_delete_internal
                0x020096a4       0x3c C:/msys64/opt/wonderful/thirdparty/blocksds/core/libs/libnds/lib\libnds9.a(threads.c.o)
 .text.cothread_main
                0x020096e0       0x18 C:/msys64/opt/wonderful/thirdparty/blocksds/core/libs/libnds/lib\libnds9.a(threads.c.o)
                0x020096e0                cothread_main
 .text.cothread_yield
                0x020096f8       0x14 C:/msys64/opt/wonderful/thirdparty/blocksds/core/libs/libnds/lib\libnds9.a(threads.c.o)
                0x020096f8                cothread_yield
 .text.cothread_yield_irq
                0x0200970c       0x18 C:/msys64/opt/wonderful/thirdparty/blocksds/core/libs/libnds/lib\libnds9.a(threads.c.o)
                0x0200970c                cothread_yield_irq
 .text.cothread_start
                0x02009724      0x128 C:/msys64/opt/wonderful/thirdparty/blocksds/core/libs/libnds/lib\libnds9.a(threads.c.o)
                0x02009724                cothread_start
 .text.fifo_buffer_enqueue_block
                0x0200984c       0x44 C:/msys64/opt/wonderful/thirdparty/blocksds/core/libs/libnds/lib\libnds9.a(fifosystem.c.o)
 .text.fifo_buffer_wait_block
                0x02009890       0x74 C:/msys64/opt/wonderful/thirdparty/blocksds/core/libs/libnds/lib\libnds9.a(fifosystem.c.o)
 .text.fifoInternalSend.part.0
                0x02009904       0xc0 C:/msys64/opt/wonderful/thirdparty/blocksds/core/libs/libnds/lib\libnds9.a(fifosystem.c.o)
 .text.fifoInternalSendInterrupt
                0x020099c4       0xac C:/msys64/opt/wonderful/thirdparty/blocksds/core/libs/libnds/lib\libnds9.a(fifosystem.c.o)
 .text.fifoSetValue32Handler
                0x02009a70       0xcc C:/msys64/opt/wonderful/thirdparty/blocksds/core/libs/libnds/lib\libnds9.a(fifosystem.c.o)
                0x02009a70                fifoSetValue32Handler
 .text.fifoSendValue32
                0x02009b3c       0x54 C:/msys64/opt/wonderful/thirdparty/blocksds/core/libs/libnds/lib\libnds9.a(fifosystem.c.o)
                0x02009b3c                fifoSendValue32
 .text.fifoSendDatamsg
                0x02009b90       0x94 C:/msys64/opt/wonderful/thirdparty/blocksds/core/libs/libnds/lib\libnds9.a(fifosystem.c.o)
                0x02009b90                fifoSendDatamsg
 .text.fifoGetValue32
                0x02009c24       0x70 C:/msys64/opt/wonderful/thirdparty/blocksds/core/libs/libnds/lib\libnds9.a(fifosystem.c.o)
                0x02009c24                fifoGetValue32
 .text.fifoGetDatamsg
                0x02009c94       0xe8 C:/msys64/opt/wonderful/thirdparty/blocksds/core/libs/libnds/lib\libnds9.a(fifosystem.c.o)
                0x02009c94                fifoGetDatamsg
 .text.fifoInternalRecvInterrupt
                0x02009d7c      0x2fc C:/msys64/opt/wonderful/thirdparty/blocksds/core/libs/libnds/lib\libnds9.a(fifosystem.c.o)
 .text.fifoSetDatamsgHandler
                0x0200a078       0x9c C:/msys64/opt/wonderful/thirdparty/blocksds/core/libs/libnds/lib\libnds9.a(fifosystem.c.o)
                0x0200a078                fifoSetDatamsgHandler
 .text.fifoCheckValue32
                0x0200a114       0x20 C:/msys64/opt/wonderful/thirdparty/blocksds/core/libs/libnds/lib\libnds9.a(fifosystem.c.o)
                0x0200a114                fifoCheckValue32
 .text.fifoInit
                0x0200a134      0x104 C:/msys64/opt/wonderful/thirdparty/blocksds/core/libs/libnds/lib\libnds9.a(fifosystem.c.o)
                0x0200a134                fifoInit
 .text.fifoMutexAcquire
                0x0200a238       0x30 C:/msys64/opt/wonderful/thirdparty/blocksds/core/libs/libnds/lib\libnds9.a(fifosystem.c.o)
                0x0200a238                fifoMutexAcquire
 .text.fifoMutexRelease
                0x0200a268       0x14 C:/msys64/opt/wonderful/thirdparty/blocksds/core/libs/libnds/lib\libnds9.a(fifosystem.c.o)
                0x0200a268                fifoMutexRelease
 .text.irqDummy
                0x0200a27c        0x4 C:/msys64/opt/wonderful/thirdparty/blocksds/core/libs/libnds/lib\libnds9.a(interrupts.c.o)
                0x0200a27c                irqDummy
 .text.irqSet   0x0200a280       0x9c C:/msys64/opt/wonderful/thirdparty/blocksds/core/libs/libnds/lib\libnds9.a(interrupts.c.o)
                0x0200a280                irqSet
 .text.irqInit  0x0200a31c       0x4c C:/msys64/opt/wonderful/thirdparty/blocksds/core/libs/libnds/lib\libnds9.a(interrupts.c.o)
                0x0200a31c                irqInit
 .text.irqEnable
                0x0200a368       0x64 C:/msys64/opt/wonderful/thirdparty/blocksds/core/libs/libnds/lib\libnds9.a(interrupts.c.o)
                0x0200a368                irqEnable
 .text.irqDisable
                0x0200a3cc       0x64 C:/msys64/opt/wonderful/thirdparty/blocksds/core/libs/libnds/lib\libnds9.a(interrupts.c.o)
                0x0200a3cc                irqDisable
 .text.systemErrorExit
                0x0200a430        0x4 C:/msys64/opt/wonderful/thirdparty/blocksds/core/libs/libnds/lib\libnds9.a(exit.c.o)
                0x0200a430                systemErrorExit
 .text.__libnds_exit
                0x0200a434        0x8 C:/msys64/opt/wonderful/thirdparty/blocksds/core/libs/libnds/lib\libnds9.a(exit.c.o)
                0x0200a434                __libnds_exit
 .text._exit    0x0200a43c       0x88 C:/msys64/opt/wonderful/thirdparty/blocksds/core/libs/libnds/lib\libnds9.a(exit.c.o)
                0x0200a43c                _exit
 .text.__retarget_lock_acquire_recursive
                0x0200a4c4       0x3c C:/msys64/opt/wonderful/thirdparty/blocksds/core/libs/libnds/lib\libnds9.a(locks.c.o)
                0x0200a4c4                __retarget_lock_acquire_recursive
 .text.__retarget_lock_release_recursive
                0x0200a500       0x4c C:/msys64/opt/wonderful/thirdparty/blocksds/core/libs/libnds/lib\libnds9.a(locks.c.o)
                0x0200a500                __retarget_lock_release_recursive
 .text.__retarget_lock_init
                0x0200a54c       0x40 C:/msys64/opt/wonderful/thirdparty/blocksds/core/libs/libnds/lib\libnds9.a(locks.c.o)
                0x0200a54c                __retarget_lock_init
 .text.__retarget_lock_close
                0x0200a58c       0x30 C:/msys64/opt/wonderful/thirdparty/blocksds/core/libs/libnds/lib\libnds9.a(locks.c.o)
                0x0200a58c                __retarget_lock_close
 .text.__retarget_lock_acquire
                0x0200a5bc        0x8 C:/msys64/opt/wonderful/thirdparty/blocksds/core/libs/libnds/lib\libnds9.a(locks.c.o)
                0x0200a5bc                __retarget_lock_acquire
 .text.__retarget_lock_release
                0x0200a5c4       0x4c C:/msys64/opt/wonderful/thirdparty/blocksds/core/libs/libnds/lib\libnds9.a(locks.c.o)
                0x0200a5c4                __retarget_lock_release
 .text.sbrk     0x0200a610       0x44 C:/msys64/opt/wonderful/thirdparty/blocksds/core/libs/libnds/lib\libnds9.a(sbrk.c.o)
                0x0200a610                sbrk
 .text.__ndsabi_coro_make_noctx
                0x0200a654       0x28 C:/msys64/opt/wonderful/thirdparty/blocksds/core/libs/libnds/lib\libnds9.a(coroutine.c.o)
                0x0200a654                __ndsabi_coro_make_noctx
 .text.get_ldnumber
                0x0200a67c       0xdc C:/msys64/opt/wonderful/thirdparty/blocksds/core/libs/libnds/lib\libnds9.a(ff.c.o)
 .text.dir_clear
                0x0200a758      0x10c C:/msys64/opt/wonderful/thirdparty/blocksds/core/libs/libnds/lib\libnds9.a(ff.c.o)
 .text.unlock_volume.part.0.isra.0
                0x0200a864        0x8 C:/msys64/opt/wonderful/thirdparty/blocksds/core/libs/libnds/lib\libnds9.a(ff.c.o)
 .text.sync_fs  0x0200a86c       0xb8 C:/msys64/opt/wonderful/thirdparty/blocksds/core/libs/libnds/lib\libnds9.a(ff.c.o)
 .text.move_window
                0x0200a924       0x78 C:/msys64/opt/wonderful/thirdparty/blocksds/core/libs/libnds/lib\libnds9.a(ff.c.o)
 .text.put_fat.part.0
                0x0200a99c      0x10c C:/msys64/opt/wonderful/thirdparty/blocksds/core/libs/libnds/lib\libnds9.a(ff.c.o)
 .text.get_fat.isra.0
                0x0200aaa8       0xb8 C:/msys64/opt/wonderful/thirdparty/blocksds/core/libs/libnds/lib\libnds9.a(ff.c.o)
 .text.remove_chain
                0x0200ab60       0x84 C:/msys64/opt/wonderful/thirdparty/blocksds/core/libs/libnds/lib\libnds9.a(ff.c.o)
 .text.create_chain
                0x0200abe4      0x124 C:/msys64/opt/wonderful/thirdparty/blocksds/core/libs/libnds/lib\libnds9.a(ff.c.o)
 .text.dir_next
                0x0200ad08       0xd4 C:/msys64/opt/wonderful/thirdparty/blocksds/core/libs/libnds/lib\libnds9.a(ff.c.o)
 .text.dir_sdi  0x0200addc       0x9c C:/msys64/opt/wonderful/thirdparty/blocksds/core/libs/libnds/lib\libnds9.a(ff.c.o)
 .text.dir_find
                0x0200ae78      0x1d0 C:/msys64/opt/wonderful/thirdparty/blocksds/core/libs/libnds/lib\libnds9.a(ff.c.o)
 .text.follow_path
                0x0200b048      0x4d8 C:/msys64/opt/wonderful/thirdparty/blocksds/core/libs/libnds/lib\libnds9.a(ff.c.o)
 .text.dir_register
                0x0200b520      0x314 C:/msys64/opt/wonderful/thirdparty/blocksds/core/libs/libnds/lib\libnds9.a(ff.c.o)
 .text.validate
                0x0200b834       0x58 C:/msys64/opt/wonderful/thirdparty/blocksds/core/libs/libnds/lib\libnds9.a(ff.c.o)
 .text.check_fs
                0x0200b88c      0x150 C:/msys64/opt/wonderful/thirdparty/blocksds/core/libs/libnds/lib\libnds9.a(ff.c.o)
 .text.mount_volume
                0x0200b9dc      0x344 C:/msys64/opt/wonderful/thirdparty/blocksds/core/libs/libnds/lib\libnds9.a(ff.c.o)
 .text.f_mount  0x0200bd20       0x94 C:/msys64/opt/wonderful/thirdparty/blocksds/core/libs/libnds/lib\libnds9.a(ff.c.o)
                0x0200bd20                f_mount
 .text.f_open   0x0200bdb4      0x2c0 C:/msys64/opt/wonderful/thirdparty/blocksds/core/libs/libnds/lib\libnds9.a(ff.c.o)
                0x0200bdb4                f_open
 .text.f_read   0x0200c074      0x298 C:/msys64/opt/wonderful/thirdparty/blocksds/core/libs/libnds/lib\libnds9.a(ff.c.o)
                0x0200c074                f_read
 .text.f_write  0x0200c30c      0x2ec C:/msys64/opt/wonderful/thirdparty/blocksds/core/libs/libnds/lib\libnds9.a(ff.c.o)
                0x0200c30c                f_write
 .text.f_sync   0x0200c5f8       0xe0 C:/msys64/opt/wonderful/thirdparty/blocksds/core/libs/libnds/lib\libnds9.a(ff.c.o)
                0x0200c5f8                f_sync
 .text.f_close  0x0200c6d8       0x30 C:/msys64/opt/wonderful/thirdparty/blocksds/core/libs/libnds/lib\libnds9.a(ff.c.o)
                0x0200c6d8                f_close
 .text.f_chdrive
                0x0200c708       0x24 C:/msys64/opt/wonderful/thirdparty/blocksds/core/libs/libnds/lib\libnds9.a(ff.c.o)
                0x0200c708                f_chdrive
 .text.f_chdir  0x0200c72c       0xb0 C:/msys64/opt/wonderful/thirdparty/blocksds/core/libs/libnds/lib\libnds9.a(ff.c.o)
                0x0200c72c                f_chdir
 .text.f_lseek  0x0200c7dc      0x310 C:/msys64/opt/wonderful/thirdparty/blocksds/core/libs/libnds/lib\libnds9.a(ff.c.o)
                0x0200c7dc                f_lseek
 .text.ff_uni2oem
                0x0200caec       0x44 C:/msys64/opt/wonderful/thirdparty/blocksds/core/libs/libnds/lib\libnds9.a(ffunicode.c.o)
                0x0200caec                ff_uni2oem
 .text.ff_wtoupper
                0x0200cb30       0xcc C:/msys64/opt/wonderful/thirdparty/blocksds/core/libs/libnds/lib\libnds9.a(ffunicode.c.o)
                0x0200cb30                ff_wtoupper
 .text.CP15_FlushICache
                0x0200cbfc        0xc C:/msys64/opt/wonderful/thirdparty/blocksds/core/libs/libnds/lib\libnds9.a(cp15.s.o)
                0x0200cbfc                CP15_FlushICache
 .text.CP15_FlushDCache
                0x0200cc08        0xc C:/msys64/opt/wonderful/thirdparty/blocksds/core/libs/libnds/lib\libnds9.a(cp15.s.o)
                0x0200cc08                CP15_FlushDCache
 .text.CP15_WaitForInterrupt
                0x0200cc14        0xc C:/msys64/opt/wonderful/thirdparty/blocksds/core/libs/libnds/lib\libnds9.a(cp15.s.o)
                0x0200cc14                CP15_WaitForInterrupt
 .text.CP15_CleanAndFlushDCache
                0x0200cc20       0x34 C:/msys64/opt/wonderful/thirdparty/blocksds/core/libs/libnds/lib\libnds9.a(cp15.s.o)
                0x0200cc20                CP15_CleanAndFlushDCache
 .text.__aeabi_read_tp
                0x0200cc54        0xc C:/msys64/opt/wonderful/thirdparty/blocksds/core/libs/libnds/lib\libnds9.a(aeabi_read_tp.s.o)
                0x0200cc54                __aeabi_read_tp
 .text.__ndsabi_coro_resume
                0x0200cc60       0x18 C:/msys64/opt/wonderful/thirdparty/blocksds/core/libs/libnds/lib\libnds9.a(coroutine.s.o)
                0x0200cc60                __ndsabi_coro_resume
 .text.__ndsabi_coro_yield
                0x0200cc78       0x1c C:/msys64/opt/wonderful/thirdparty/blocksds/core/libs/libnds/lib\libnds9.a(coroutine.s.o)
                0x0200cc78                __ndsabi_coro_yield
 .text.__ndsabi_coro_pop_noctx
                0x0200cc94       0x34 C:/msys64/opt/wonderful/thirdparty/blocksds/core/libs/libnds/lib\libnds9.a(coroutine.s.o)
                0x0200cc94                __ndsabi_coro_pop_noctx
 .text.keyboardShiftState.part.0
                0x0200ccc8       0x78 C:/msys64/opt/wonderful/thirdparty/blocksds/core/libs/libnds/lib\libnds9.a(keyboard.c.o)
 .text.swapKeyGfx.part.0
                0x0200cd40      0x164 C:/msys64/opt/wonderful/thirdparty/blocksds/core/libs/libnds/lib\libnds9.a(keyboard.c.o)
 .text.keyboardGetKey
                0x0200cea4       0x64 C:/msys64/opt/wonderful/thirdparty/blocksds/core/libs/libnds/lib\libnds9.a(keyboard.c.o)
                0x0200cea4                keyboardGetKey
 .text.keyboardUpdate
                0x0200cf08      0x11c C:/msys64/opt/wonderful/thirdparty/blocksds/core/libs/libnds/lib\libnds9.a(keyboard.c.o)
                0x0200cf08                keyboardUpdate
 .text.keyboardShow
                0x0200d024      0x140 C:/msys64/opt/wonderful/thirdparty/blocksds/core/libs/libnds/lib\libnds9.a(keyboard.c.o)
                0x0200d024                keyboardShow
 .text.keyboardHide
                0x0200d164       0x90 C:/msys64/opt/wonderful/thirdparty/blocksds/core/libs/libnds/lib\libnds9.a(keyboard.c.o)
                0x0200d164                keyboardHide
 .text.cache_deinit
                0x0200d1f4       0x38 C:/msys64/opt/wonderful/thirdparty/blocksds/core/libs/libnds/lib\libnds9.a(cache.c.o)
                0x0200d1f4                cache_deinit
 .text.cache_init
                0x0200d22c       0xac C:/msys64/opt/wonderful/thirdparty/blocksds/core/libs/libnds/lib\libnds9.a(cache.c.o)
                0x0200d22c                cache_init
 .text.cache_sector_get
                0x0200d2d8       0x70 C:/msys64/opt/wonderful/thirdparty/blocksds/core/libs/libnds/lib\libnds9.a(cache.c.o)
                0x0200d2d8                cache_sector_get
 .text.cache_sector_add
                0x0200d348       0xb0 C:/msys64/opt/wonderful/thirdparty/blocksds/core/libs/libnds/lib\libnds9.a(cache.c.o)
                0x0200d348                cache_sector_add
 .text.cache_sector_invalidate
                0x0200d3f8       0x4c C:/msys64/opt/wonderful/thirdparty/blocksds/core/libs/libnds/lib\libnds9.a(cache.c.o)
                0x0200d3f8                cache_sector_invalidate
 .text.disk_status
                0x0200d444       0x4c C:/msys64/opt/wonderful/thirdparty/blocksds/core/libs/libnds/lib\libnds9.a(diskio.c.o)
                0x0200d444                disk_status
 .text.disk_initialize
                0x0200d490       0x64 C:/msys64/opt/wonderful/thirdparty/blocksds/core/libs/libnds/lib\libnds9.a(diskio.c.o)
                0x0200d490                disk_initialize
 .text.disk_read
                0x0200d4f4      0x114 C:/msys64/opt/wonderful/thirdparty/blocksds/core/libs/libnds/lib\libnds9.a(diskio.c.o)
                0x0200d4f4                disk_read
 .text.disk_write
                0x0200d608       0xbc C:/msys64/opt/wonderful/thirdparty/blocksds/core/libs/libnds/lib\libnds9.a(diskio.c.o)
                0x0200d608                disk_write
 .text.disk_ioctl
                0x0200d6c4       0x38 C:/msys64/opt/wonderful/thirdparty/blocksds/core/libs/libnds/lib\libnds9.a(diskio.c.o)
                0x0200d6c4                disk_ioctl
 .text.get_fattime
                0x0200d6fc       0x1c C:/msys64/opt/wonderful/thirdparty/blocksds/core/libs/libnds/lib\libnds9.a(diskio.c.o)
                0x0200d6fc                get_fattime
 .text.ff_mutex_create
                0x0200d718       0x10 C:/msys64/opt/wonderful/thirdparty/blocksds/core/libs/libnds/lib\libnds9.a(ffsystem.c.o)
                0x0200d718                ff_mutex_create
 .text.ff_mutex_delete
                0x0200d728        0x4 C:/msys64/opt/wonderful/thirdparty/blocksds/core/libs/libnds/lib\libnds9.a(ffsystem.c.o)
                0x0200d728                ff_mutex_delete
 .text.ff_mutex_take
                0x0200d72c       0x1c C:/msys64/opt/wonderful/thirdparty/blocksds/core/libs/libnds/lib\libnds9.a(ffsystem.c.o)
                0x0200d72c                ff_mutex_take
 .text.ff_mutex_give
                0x0200d748       0x10 C:/msys64/opt/wonderful/thirdparty/blocksds/core/libs/libnds/lib\libnds9.a(ffsystem.c.o)
                0x0200d748                ff_mutex_give
 .text.releaseCrashHandler
                0x0200d758       0x7c C:/msys64/opt/wonderful/thirdparty/blocksds/core/libs/libnds/lib\libnds9.a(exceptions.c.o)
 .text.exceptionStatePrint
                0x0200d7d4       0xec C:/msys64/opt/wonderful/thirdparty/blocksds/core/libs/libnds/lib\libnds9.a(exceptions.c.o)
                0x0200d7d4                exceptionStatePrint
 .text.releaseExceptionHandler
                0x0200d8c0       0x10 C:/msys64/opt/wonderful/thirdparty/blocksds/core/libs/libnds/lib\libnds9.a(exceptions.c.o)
                0x0200d8c0                releaseExceptionHandler
 .text.sinLutLookup
                0x0200d8d0       0x4c C:/msys64/opt/wonderful/thirdparty/blocksds/core/libs/libnds/lib\libnds9.a(trig.c.o)
                0x0200d8d0                sinLutLookup
 .text.sinLerp  0x0200d91c       0x38 C:/msys64/opt/wonderful/thirdparty/blocksds/core/libs/libnds/lib\libnds9.a(trig.c.o)
                0x0200d91c                sinLerp
 .text.cosLerp  0x0200d954       0x44 C:/msys64/opt/wonderful/thirdparty/blocksds/core/libs/libnds/lib\libnds9.a(trig.c.o)
                0x0200d954                cosLerp
 .text.setExceptionHandler
                0x0200d998       0x18 C:/msys64/opt/wonderful/thirdparty/blocksds/core/libs/libnds/lib\libnds9.a(exceptions.c.o)
                0x0200d998                setExceptionHandler
 .text.libndsCrash
                0x0200d9b0        0xc C:/msys64/opt/wonderful/thirdparty/blocksds/core/libs/libnds/lib\libnds9.a(exceptions.c.o)
                0x0200d9b0                libndsCrash
 .text.getCPSR  0x0200d9bc        0x8 C:/msys64/opt/wonderful/thirdparty/blocksds/core/libs/libnds/lib\libnds9.a(cpu.s.o)
                0x0200d9bc                getCPSR
 .text.enterException
                0x0200d9c4       0xd4 C:/msys64/opt/wonderful/thirdparty/blocksds/core/libs/libnds/lib\libnds9.a(exceptionHandler.s.o)
                0x0200d9c4                enterException
                0x0200da38                exceptionC
                0x0200da3c                exceptionStack
                0x0200da40                exceptionRegisters
 .text.calloc   0x0200da98       0xb4 C:/msys64/opt/wonderful/toolchain/gcc-arm-none-eabi/lib/gcc/arm-none-eabi/15.1.0/../../../../arm-none-eabi/lib/thumb/arm946e-s\libc.a(malloc-calloc.c.o)
                0x0200da98                calloc
 .text.malloc_trim
                0x0200db4c       0x9c C:/msys64/opt/wonderful/toolchain/gcc-arm-none-eabi/lib/gcc/arm-none-eabi/15.1.0/../../../../arm-none-eabi/lib/thumb/arm946e-s\libc.a(malloc-free.c.o)
                0x0200db4c                malloc_trim
 .text.free     0x0200dbe8      0x164 C:/msys64/opt/wonderful/toolchain/gcc-arm-none-eabi/lib/gcc/arm-none-eabi/15.1.0/../../../../arm-none-eabi/lib/thumb/arm946e-s\libc.a(malloc-free.c.o)
                0x0200dbe8                free
                0x0200dbe8                __malloc_free
 .text.malloc   0x0200dd4c      0x434 C:/msys64/opt/wonderful/toolchain/gcc-arm-none-eabi/lib/gcc/arm-none-eabi/15.1.0/../../../../arm-none-eabi/lib/thumb/arm946e-s\libc.a(malloc-malloc.c.o)
                0x0200dd4c                malloc
 .text.realloc  0x0200e180      0x32c C:/msys64/opt/wonderful/toolchain/gcc-arm-none-eabi/lib/gcc/arm-none-eabi/15.1.0/../../../../arm-none-eabi/lib/thumb/arm946e-s\libc.a(malloc-realloc.c.o)
                0x0200e180                realloc
 .text.__libc_init_array
                0x0200e4ac       0x1c C:/msys64/opt/wonderful/toolchain/gcc-arm-none-eabi/lib/gcc/arm-none-eabi/15.1.0/../../../../arm-none-eabi/lib/thumb/arm946e-s\libc.a(libc_misc_init.c.o)
                0x0200e4ac                __libc_init_array
 .text.exit     0x0200e4c8        0xe C:/msys64/opt/wonderful/toolchain/gcc-arm-none-eabi/lib/gcc/arm-none-eabi/15.1.0/../../../../arm-none-eabi/lib/thumb/arm946e-s\libc.a(libc_stdlib_pico-exit.c.o)
                0x0200e4c8                exit
 .text.memcmp   0x0200e4d6       0x1c C:/msys64/opt/wonderful/toolchain/gcc-arm-none-eabi/lib/gcc/arm-none-eabi/15.1.0/../../../../arm-none-eabi/lib/thumb/arm946e-s\libc.a(libc_string_memcmp.c.o)
                0x0200e4d6                memcmp
 .text.strchr   0x0200e4f2       0x1e C:/msys64/opt/wonderful/toolchain/gcc-arm-none-eabi/lib/gcc/arm-none-eabi/15.1.0/../../../../arm-none-eabi/lib/thumb/arm946e-s\libc.a(libc_string_strchr.c.o)
                0x0200e4f2                strchr
 .text.strdup   0x0200e510       0x20 C:/msys64/opt/wonderful/toolchain/gcc-arm-none-eabi/lib/gcc/arm-none-eabi/15.1.0/../../../../arm-none-eabi/lib/thumb/arm946e-s\libc.a(libc_string_strdup.c.o)
                0x0200e510                strdup
 .text.strncmp  0x0200e530       0x24 C:/msys64/opt/wonderful/toolchain/gcc-arm-none-eabi/lib/gcc/arm-none-eabi/15.1.0/../../../../arm-none-eabi/lib/thumb/arm946e-s\libc.a(libc_string_strncmp.c.o)
                0x0200e530                strncmp
 .text.strstr   0x0200e554       0x2c C:/msys64/opt/wonderful/toolchain/gcc-arm-none-eabi/lib/gcc/arm-none-eabi/15.1.0/../../../../arm-none-eabi/lib/thumb/arm946e-s\libc.a(libc_string_strstr.c.o)
                0x0200e554                strstr
 .text.localtime
                0x0200e580       0x18 C:/msys64/opt/wonderful/toolchain/gcc-arm-none-eabi/lib/gcc/arm-none-eabi/15.1.0/../../../../arm-none-eabi/lib/thumb/arm946e-s\libc.a(libc_time_lcltime.c.o)
                0x0200e580                localtime
 .text.localtime_r
                0x0200e598      0x1f8 C:/msys64/opt/wonderful/toolchain/gcc-arm-none-eabi/lib/gcc/arm-none-eabi/15.1.0/../../../../arm-none-eabi/lib/thumb/arm946e-s\libc.a(libc_time_lcltime_r.c.o)
                0x0200e598                localtime_r
 .text.time     0x0200e790       0x28 C:/msys64/opt/wonderful/toolchain/gcc-arm-none-eabi/lib/gcc/arm-none-eabi/15.1.0/../../../../arm-none-eabi/lib/thumb/arm946e-s\libc.a(libc_time_time.c.o)
                0x0200e790                time
 .text.__tzcalc_limits
                0x0200e7b8      0x178 C:/msys64/opt/wonderful/toolchain/gcc-arm-none-eabi/lib/gcc/arm-none-eabi/15.1.0/../../../../arm-none-eabi/lib/thumb/arm946e-s\libc.a(libc_time_tzcalc_limits.c.o)
                0x0200e7b8                __tzcalc_limits
 .text._tzset_unlocked
                0x0200e930      0x3e0 C:/msys64/opt/wonderful/toolchain/gcc-arm-none-eabi/lib/gcc/arm-none-eabi/15.1.0/../../../../arm-none-eabi/lib/thumb/arm946e-s\libc.a(libc_time_tzset.c.o)
                0x0200e930                _tzset_unlocked
 .text.fdopen   0x0200ed10       0xa4 C:/msys64/opt/wonderful/toolchain/gcc-arm-none-eabi/lib/gcc/arm-none-eabi/15.1.0/../../../../arm-none-eabi/lib/thumb/arm946e-s\libc.a(libc_tinystdio_fdopen.c.o)
                0x0200ed10                fdopen
 .text.fflush   0x0200edb4       0x10 C:/msys64/opt/wonderful/toolchain/gcc-arm-none-eabi/lib/gcc/arm-none-eabi/15.1.0/../../../../arm-none-eabi/lib/thumb/arm946e-s\libc.a(libc_tinystdio_fflush.c.o)
                0x0200edb4                fflush
 .text.fopen    0x0200edc4       0x2e C:/msys64/opt/wonderful/toolchain/gcc-arm-none-eabi/lib/gcc/arm-none-eabi/15.1.0/../../../../arm-none-eabi/lib/thumb/arm946e-s\libc.a(libc_tinystdio_fopen.c.o)
                0x0200edc4                fopen
 *fill*         0x0200edf2        0x2 ff
 .text.fread    0x0200edf4      0x1b8 C:/msys64/opt/wonderful/toolchain/gcc-arm-none-eabi/lib/gcc/arm-none-eabi/15.1.0/../../../../arm-none-eabi/lib/thumb/arm946e-s\libc.a(libc_tinystdio_fread.c.o)
                0x0200edf4                fread
 .text.fseek    0x0200efac       0x40 C:/msys64/opt/wonderful/toolchain/gcc-arm-none-eabi/lib/gcc/arm-none-eabi/15.1.0/../../../../arm-none-eabi/lib/thumb/arm946e-s\libc.a(libc_tinystdio_fseek.c.o)
                0x0200efac                fseek
 .text.fseeko   0x0200efec       0x40 C:/msys64/opt/wonderful/toolchain/gcc-arm-none-eabi/lib/gcc/arm-none-eabi/15.1.0/../../../../arm-none-eabi/lib/thumb/arm946e-s\libc.a(libc_tinystdio_fseeko.c.o)
                0x0200efec                fseeko
 .text.perror   0x0200f02c       0x44 C:/msys64/opt/wonderful/toolchain/gcc-arm-none-eabi/lib/gcc/arm-none-eabi/15.1.0/../../../../arm-none-eabi/lib/thumb/arm946e-s\libc.a(libc_tinystdio_perror.c.o)
                0x0200f02c                perror
 .text.printf   0x0200f070       0x20 C:/msys64/opt/wonderful/toolchain/gcc-arm-none-eabi/lib/gcc/arm-none-eabi/15.1.0/../../../../arm-none-eabi/lib/thumb/arm946e-s\libc.a(libc_tinystdio_printf.c.o)
                0x0200f070                printf
 .text.putchar  0x0200f090       0x10 C:/msys64/opt/wonderful/toolchain/gcc-arm-none-eabi/lib/gcc/arm-none-eabi/15.1.0/../../../../arm-none-eabi/lib/thumb/arm946e-s\libc.a(libc_tinystdio_putchar.c.o)
                0x0200f090                putchar_unlocked
                0x0200f090                putchar
 .text.puts     0x0200f0a0       0x44 C:/msys64/opt/wonderful/toolchain/gcc-arm-none-eabi/lib/gcc/arm-none-eabi/15.1.0/../../../../arm-none-eabi/lib/thumb/arm946e-s\libc.a(libc_tinystdio_puts.c.o)
                0x0200f0a0                puts
 .text.rewind   0x0200f0e4       0x16 C:/msys64/opt/wonderful/toolchain/gcc-arm-none-eabi/lib/gcc/arm-none-eabi/15.1.0/../../../../arm-none-eabi/lib/thumb/arm946e-s\libc.a(libc_tinystdio_rewind.c.o)
                0x0200f0e4                rewind
 .text.setvbuf  0x0200f0fa       0x18 C:/msys64/opt/wonderful/toolchain/gcc-arm-none-eabi/lib/gcc/arm-none-eabi/15.1.0/../../../../arm-none-eabi/lib/thumb/arm946e-s\libc.a(libc_tinystdio_setvbuf.c.o)
                0x0200f0fa                setvbuf
 *fill*         0x0200f112        0x2 ff
 .text.__stdio_flags
                0x0200f114       0x58 C:/msys64/opt/wonderful/toolchain/gcc-arm-none-eabi/lib/gcc/arm-none-eabi/15.1.0/../../../../arm-none-eabi/lib/thumb/arm946e-s\libc.a(libc_tinystdio_sflags.c.o)
                0x0200f114                __stdio_flags
 .text.sscanf   0x0200f16c       0x3c C:/msys64/opt/wonderful/toolchain/gcc-arm-none-eabi/lib/gcc/arm-none-eabi/15.1.0/../../../../arm-none-eabi/lib/thumb/arm946e-s\libc.a(libc_tinystdio_sscanf.c.o)
                0x0200f16c                sscanf
 .text.strtoul  0x0200f1a8      0x12c C:/msys64/opt/wonderful/toolchain/gcc-arm-none-eabi/lib/gcc/arm-none-eabi/15.1.0/../../../../arm-none-eabi/lib/thumb/arm946e-s\libc.a(libc_tinystdio_strtoul.c.o)
                0x0200f1a8                strtoul
 .text.__ultoa_invert
                0x0200f2d4       0x52 C:/msys64/opt/wonderful/toolchain/gcc-arm-none-eabi/lib/gcc/arm-none-eabi/15.1.0/../../../../arm-none-eabi/lib/thumb/arm946e-s\libc.a(libc_tinystdio_vfprintf.c.o)
 *fill*         0x0200f326        0x2 ff
 .text.skip_to_arg
                0x0200f328      0x13c C:/msys64/opt/wonderful/toolchain/gcc-arm-none-eabi/lib/gcc/arm-none-eabi/15.1.0/../../../../arm-none-eabi/lib/thumb/arm946e-s\libc.a(libc_tinystdio_vfprintf.c.o)
 .text.vfprintf
                0x0200f464      0x9c4 C:/msys64/opt/wonderful/toolchain/gcc-arm-none-eabi/lib/gcc/arm-none-eabi/15.1.0/../../../../arm-none-eabi/lib/thumb/arm946e-s\libc.a(libc_tinystdio_vfprintf.c.o)
                0x0200f464                vfprintf
                0x0200f464                __d_vfprintf
 .text.scanf_getc
                0x0200fe28       0x14 C:/msys64/opt/wonderful/toolchain/gcc-arm-none-eabi/lib/gcc/arm-none-eabi/15.1.0/../../../../arm-none-eabi/lib/thumb/arm946e-s\libc.a(libc_tinystdio_vfscanf.c.o)
 .text.scanf_ungetc
                0x0200fe3c       0x12 C:/msys64/opt/wonderful/toolchain/gcc-arm-none-eabi/lib/gcc/arm-none-eabi/15.1.0/../../../../arm-none-eabi/lib/thumb/arm946e-s\libc.a(libc_tinystdio_vfscanf.c.o)
 .text.skip_spaces
                0x0200fe4e       0x2a C:/msys64/opt/wonderful/toolchain/gcc-arm-none-eabi/lib/gcc/arm-none-eabi/15.1.0/../../../../arm-none-eabi/lib/thumb/arm946e-s\libc.a(libc_tinystdio_vfscanf.c.o)
 .text.putval   0x0200fe78       0x2a C:/msys64/opt/wonderful/toolchain/gcc-arm-none-eabi/lib/gcc/arm-none-eabi/15.1.0/../../../../arm-none-eabi/lib/thumb/arm946e-s\libc.a(libc_tinystdio_vfscanf.c.o)
 *fill*         0x0200fea2        0x2 ff
 .text.vfscanf  0x0200fea4      0x990 C:/msys64/opt/wonderful/toolchain/gcc-arm-none-eabi/lib/gcc/arm-none-eabi/15.1.0/../../../../arm-none-eabi/lib/thumb/arm946e-s\libc.a(libc_tinystdio_vfscanf.c.o)
                0x0200fea4                vfscanf
                0x0200fea4                __d_vfscanf
 .text.vprintf  0x02010834       0x14 C:/msys64/opt/wonderful/toolchain/gcc-arm-none-eabi/lib/gcc/arm-none-eabi/15.1.0/../../../../arm-none-eabi/lib/thumb/arm946e-s\libc.a(libc_tinystdio_vprintf.c.o)
                0x02010834                vprintf
 .text.mulShift64
                0x02010848       0x62 C:/msys64/opt/wonderful/toolchain/gcc-arm-none-eabi/lib/gcc/arm-none-eabi/15.1.0/../../../../arm-none-eabi/lib/thumb/arm946e-s\libc.a(libc_tinystdio_atod_ryu.c.o)
 *fill*         0x020108aa        0x2 ff
 .text.__atod_engine
                0x020108ac      0x158 C:/msys64/opt/wonderful/toolchain/gcc-arm-none-eabi/lib/gcc/arm-none-eabi/15.1.0/../../../../arm-none-eabi/lib/thumb/arm946e-s\libc.a(libc_tinystdio_atod_ryu.c.o)
                0x020108ac                __atod_engine
 .text.__atof_engine
                0x02010a04      0x120 C:/msys64/opt/wonderful/toolchain/gcc-arm-none-eabi/lib/gcc/arm-none-eabi/15.1.0/../../../../arm-none-eabi/lib/thumb/arm946e-s\libc.a(libc_tinystdio_atof_ryu.c.o)
                0x02010a04                __atof_engine
 .text.mulShiftAll64
                0x02010b24      0x202 C:/msys64/opt/wonderful/toolchain/gcc-arm-none-eabi/lib/gcc/arm-none-eabi/15.1.0/../../../../arm-none-eabi/lib/thumb/arm946e-s\libc.a(libc_tinystdio_dtoa_ryu.c.o)
 *fill*         0x02010d26        0x2 ff
 .text.div10    0x02010d28       0x28 C:/msys64/opt/wonderful/toolchain/gcc-arm-none-eabi/lib/gcc/arm-none-eabi/15.1.0/../../../../arm-none-eabi/lib/thumb/arm946e-s\libc.a(libc_tinystdio_dtoa_ryu.c.o)
 .text.__dtoa_engine
                0x02010d50      0x4b8 C:/msys64/opt/wonderful/toolchain/gcc-arm-none-eabi/lib/gcc/arm-none-eabi/15.1.0/../../../../arm-none-eabi/lib/thumb/arm946e-s\libc.a(libc_tinystdio_dtoa_ryu.c.o)
                0x02010d50                __dtoa_engine
 .text.mulShift32
                0x02011208       0x44 C:/msys64/opt/wonderful/toolchain/gcc-arm-none-eabi/lib/gcc/arm-none-eabi/15.1.0/../../../../arm-none-eabi/lib/thumb/arm946e-s\libc.a(libc_tinystdio_ryu_divpow2.c.o)
 .text.__mulPow5InvDivPow2
                0x0201124c       0x28 C:/msys64/opt/wonderful/toolchain/gcc-arm-none-eabi/lib/gcc/arm-none-eabi/15.1.0/../../../../arm-none-eabi/lib/thumb/arm946e-s\libc.a(libc_tinystdio_ryu_divpow2.c.o)
                0x0201124c                __mulPow5InvDivPow2
 .text.__mulPow5divPow2
                0x02011274       0x20 C:/msys64/opt/wonderful/toolchain/gcc-arm-none-eabi/lib/gcc/arm-none-eabi/15.1.0/../../../../arm-none-eabi/lib/thumb/arm946e-s\libc.a(libc_tinystdio_ryu_divpow2.c.o)
                0x02011274                __mulPow5divPow2
 .text.__log10Pow2
                0x02011294        0xc C:/msys64/opt/wonderful/toolchain/gcc-arm-none-eabi/lib/gcc/arm-none-eabi/15.1.0/../../../../arm-none-eabi/lib/thumb/arm946e-s\libc.a(libc_tinystdio_ryu_log10.c.o)
                0x02011294                __log10Pow2
 .text.__log10Pow5
                0x020112a0        0xc C:/msys64/opt/wonderful/toolchain/gcc-arm-none-eabi/lib/gcc/arm-none-eabi/15.1.0/../../../../arm-none-eabi/lib/thumb/arm946e-s\libc.a(libc_tinystdio_ryu_log10.c.o)
                0x020112a0                __log10Pow5
 .text.__log2pow5
                0x020112ac        0xc C:/msys64/opt/wonderful/toolchain/gcc-arm-none-eabi/lib/gcc/arm-none-eabi/15.1.0/../../../../arm-none-eabi/lib/thumb/arm946e-s\libc.a(libc_tinystdio_ryu_log2pow5.c.o)
                0x020112ac                __log2pow5
 .text.__ceil_log2pow5
                0x020112b8       0x10 C:/msys64/opt/wonderful/toolchain/gcc-arm-none-eabi/lib/gcc/arm-none-eabi/15.1.0/../../../../arm-none-eabi/lib/thumb/arm946e-s\libc.a(libc_tinystdio_ryu_log2pow5.c.o)
                0x020112b8                __ceil_log2pow5
 .text.__pow5bits
                0x020112c8       0x10 C:/msys64/opt/wonderful/toolchain/gcc-arm-none-eabi/lib/gcc/arm-none-eabi/15.1.0/../../../../arm-none-eabi/lib/thumb/arm946e-s\libc.a(libc_tinystdio_ryu_pow5bits.c.o)
                0x020112c8                __pow5bits
 .text.__pow5Factor
                0x020112d8       0x2c C:/msys64/opt/wonderful/toolchain/gcc-arm-none-eabi/lib/gcc/arm-none-eabi/15.1.0/../../../../arm-none-eabi/lib/thumb/arm946e-s\libc.a(libc_tinystdio_ryu_table.c.o)
                0x020112d8                __pow5Factor
 .text.__double_computePow5
                0x02011304      0x100 C:/msys64/opt/wonderful/toolchain/gcc-arm-none-eabi/lib/gcc/arm-none-eabi/15.1.0/../../../../arm-none-eabi/lib/thumb/arm946e-s\libc.a(libc_tinystdio_ryu_table.c.o)
                0x02011304                __double_computePow5
 .text.__double_computeInvPow5
                0x02011404       0xfc C:/msys64/opt/wonderful/toolchain/gcc-arm-none-eabi/lib/gcc/arm-none-eabi/15.1.0/../../../../arm-none-eabi/lib/thumb/arm946e-s\libc.a(libc_tinystdio_ryu_table.c.o)
                0x02011404                __double_computeInvPow5
 .text.__umul128
                0x02011500       0x6c C:/msys64/opt/wonderful/toolchain/gcc-arm-none-eabi/lib/gcc/arm-none-eabi/15.1.0/../../../../arm-none-eabi/lib/thumb/arm946e-s\libc.a(libc_tinystdio_ryu_umul128.c.o)
                0x02011500                __umul128
 .text.__shiftright128
                0x0201156c       0x28 C:/msys64/opt/wonderful/toolchain/gcc-arm-none-eabi/lib/gcc/arm-none-eabi/15.1.0/../../../../arm-none-eabi/lib/thumb/arm946e-s\libc.a(libc_tinystdio_ryu_umul128.c.o)
                0x0201156c                __shiftright128
 .text.isnan    0x02011594       0x18 C:/msys64/opt/wonderful/toolchain/gcc-arm-none-eabi/lib/gcc/arm-none-eabi/15.1.0/../../../../arm-none-eabi/lib/thumb/arm946e-s\libc.a(libm_common_s_isnan.c.o)
                0x02011594                isnan
                0x02011594                isnanl
                0x02011594                __isnand
                0x02011594                __isnanl
 .text.memmove  0x020115ac       0x26 C:/msys64/opt/wonderful/toolchain/gcc-arm-none-eabi/lib/gcc/arm-none-eabi/15.1.0/../../../../arm-none-eabi/lib/thumb/arm946e-s\libc.a(memmove.c.o)
                0x020115ac                __aeabi_memmove8
                0x020115ac                __aeabi_memmove
                0x020115ac                __aeabi_memmove4
                0x020115ac                memmove
 *fill*         0x020115d2        0x2 ff
 .text.__libc_fini_array
                0x020115d4       0x1c C:/msys64/opt/wonderful/toolchain/gcc-arm-none-eabi/lib/gcc/arm-none-eabi/15.1.0/../../../../arm-none-eabi/lib/thumb/arm946e-s\libc.a(libc_misc_fini.c.o)
                0x020115d4                __libc_fini_array
 .text.getenv   0x020115f0        0xa C:/msys64/opt/wonderful/toolchain/gcc-arm-none-eabi/lib/gcc/arm-none-eabi/15.1.0/../../../../arm-none-eabi/lib/thumb/arm946e-s\libc.a(libc_stdlib_getenv.c.o)
                0x020115f0                getenv
 *fill*         0x020115fa        0x2 ff
 .text._findenv
                0x020115fc       0x7c C:/msys64/opt/wonderful/toolchain/gcc-arm-none-eabi/lib/gcc/arm-none-eabi/15.1.0/../../../../arm-none-eabi/lib/thumb/arm946e-s\libc.a(libc_stdlib_getenv_r.c.o)
                0x020115fc                _findenv
 .text._strerror_r
                0x02011678      0x454 C:/msys64/opt/wonderful/toolchain/gcc-arm-none-eabi/lib/gcc/arm-none-eabi/15.1.0/../../../../arm-none-eabi/lib/thumb/arm946e-s\libc.a(libc_string_strerror.c.o)
                0x02011678                _strerror_r
 .text.strerror
                0x02011acc        0xc C:/msys64/opt/wonderful/toolchain/gcc-arm-none-eabi/lib/gcc/arm-none-eabi/15.1.0/../../../../arm-none-eabi/lib/thumb/arm946e-s\libc.a(libc_string_strerror.c.o)
                0x02011acc                strerror
 .text.strnlen  0x02011ad8       0x16 C:/msys64/opt/wonderful/toolchain/gcc-arm-none-eabi/lib/gcc/arm-none-eabi/15.1.0/../../../../arm-none-eabi/lib/thumb/arm946e-s\libc.a(libc_string_strnlen.c.o)
                0x02011ad8                strnlen
 *fill*         0x02011aee        0x2 ff
 .text.__gettzinfo
                0x02011af0        0x8 C:/msys64/opt/wonderful/toolchain/gcc-arm-none-eabi/lib/gcc/arm-none-eabi/15.1.0/../../../../arm-none-eabi/lib/thumb/arm946e-s\libc.a(libc_time_gettzinfo.c.o)
                0x02011af0                __gettzinfo
 .text.gmtime_r
                0x02011af8      0x1bc C:/msys64/opt/wonderful/toolchain/gcc-arm-none-eabi/lib/gcc/arm-none-eabi/15.1.0/../../../../arm-none-eabi/lib/thumb/arm946e-s\libc.a(libc_time_gmtime_r.c.o)
                0x02011af8                gmtime_r
 .text.__bufio_lock
                0x02011cb4       0x18 C:/msys64/opt/wonderful/toolchain/gcc-arm-none-eabi/lib/gcc/arm-none-eabi/15.1.0/../../../../arm-none-eabi/lib/thumb/arm946e-s\libc.a(libc_tinystdio_bufio.c.o)
 .text.__bufio_flush_locked
                0x02011ccc       0x66 C:/msys64/opt/wonderful/toolchain/gcc-arm-none-eabi/lib/gcc/arm-none-eabi/15.1.0/../../../../arm-none-eabi/lib/thumb/arm946e-s\libc.a(libc_tinystdio_bufio.c.o)
                0x02011ccc                __bufio_flush_locked
 .text.__bufio_fill_locked
                0x02011d32       0x2c C:/msys64/opt/wonderful/toolchain/gcc-arm-none-eabi/lib/gcc/arm-none-eabi/15.1.0/../../../../arm-none-eabi/lib/thumb/arm946e-s\libc.a(libc_tinystdio_bufio.c.o)
                0x02011d32                __bufio_fill_locked
 .text.__bufio_flush
                0x02011d5e       0x1a C:/msys64/opt/wonderful/toolchain/gcc-arm-none-eabi/lib/gcc/arm-none-eabi/15.1.0/../../../../arm-none-eabi/lib/thumb/arm946e-s\libc.a(libc_tinystdio_bufio.c.o)
                0x02011d5e                __bufio_flush
 .text.__bufio_setdir_locked
                0x02011d78       0x1a C:/msys64/opt/wonderful/toolchain/gcc-arm-none-eabi/lib/gcc/arm-none-eabi/15.1.0/../../../../arm-none-eabi/lib/thumb/arm946e-s\libc.a(libc_tinystdio_bufio.c.o)
                0x02011d78                __bufio_setdir_locked
 .text.__bufio_put
                0x02011d92       0x50 C:/msys64/opt/wonderful/toolchain/gcc-arm-none-eabi/lib/gcc/arm-none-eabi/15.1.0/../../../../arm-none-eabi/lib/thumb/arm946e-s\libc.a(libc_tinystdio_bufio.c.o)
                0x02011d92                __bufio_put
 *fill*         0x02011de2        0x2 ff
 .text.__bufio_get
                0x02011de4       0x70 C:/msys64/opt/wonderful/toolchain/gcc-arm-none-eabi/lib/gcc/arm-none-eabi/15.1.0/../../../../arm-none-eabi/lib/thumb/arm946e-s\libc.a(libc_tinystdio_bufio.c.o)
                0x02011de4                __bufio_get
 .text.__bufio_seek
                0x02011e54       0x6a C:/msys64/opt/wonderful/toolchain/gcc-arm-none-eabi/lib/gcc/arm-none-eabi/15.1.0/../../../../arm-none-eabi/lib/thumb/arm946e-s\libc.a(libc_tinystdio_bufio.c.o)
                0x02011e54                __bufio_seek
 .text.__bufio_setvbuf
                0x02011ebe       0x88 C:/msys64/opt/wonderful/toolchain/gcc-arm-none-eabi/lib/gcc/arm-none-eabi/15.1.0/../../../../arm-none-eabi/lib/thumb/arm946e-s\libc.a(libc_tinystdio_bufio.c.o)
                0x02011ebe                __bufio_setvbuf
 .text.__bufio_close
                0x02011f46       0x4a C:/msys64/opt/wonderful/toolchain/gcc-arm-none-eabi/lib/gcc/arm-none-eabi/15.1.0/../../../../arm-none-eabi/lib/thumb/arm946e-s\libc.a(libc_tinystdio_bufio.c.o)
                0x02011f46                __bufio_close
 .text.__dtox_engine
                0x02011f90      0x12c C:/msys64/opt/wonderful/toolchain/gcc-arm-none-eabi/lib/gcc/arm-none-eabi/15.1.0/../../../../arm-none-eabi/lib/thumb/arm946e-s\libc.a(libc_tinystdio_dtox_engine.c.o)
                0x02011f90                __dtox_engine
 .text.__picolibc_non_atomic_exchange_ungetc
                0x020120bc        0x8 C:/msys64/opt/wonderful/toolchain/gcc-arm-none-eabi/lib/gcc/arm-none-eabi/15.1.0/../../../../arm-none-eabi/lib/thumb/arm946e-s\libc.a(libc_tinystdio_exchange.c.o)
                0x020120bc                __picolibc_non_atomic_exchange_ungetc
                0x020120bc                __atomic_exchange_ungetc
 .text.getc     0x020120c4       0x44 C:/msys64/opt/wonderful/toolchain/gcc-arm-none-eabi/lib/gcc/arm-none-eabi/15.1.0/../../../../arm-none-eabi/lib/thumb/arm946e-s\libc.a(libc_tinystdio_fgetc.c.o)
                0x020120c4                getc
                0x020120c4                fgetc
                0x020120c4                getc_unlocked
 .text.__file_str_get
                0x02012108       0x16 C:/msys64/opt/wonderful/toolchain/gcc-arm-none-eabi/lib/gcc/arm-none-eabi/15.1.0/../../../../arm-none-eabi/lib/thumb/arm946e-s\libc.a(libc_tinystdio_filestrget.c.o)
                0x02012108                __file_str_get
 .text.fprintf  0x0201211e       0x16 C:/msys64/opt/wonderful/toolchain/gcc-arm-none-eabi/lib/gcc/arm-none-eabi/15.1.0/../../../../arm-none-eabi/lib/thumb/arm946e-s\libc.a(libc_tinystdio_fprintf.c.o)
                0x0201211e                fprintf
 .text.putc     0x02012134       0x2c C:/msys64/opt/wonderful/toolchain/gcc-arm-none-eabi/lib/gcc/arm-none-eabi/15.1.0/../../../../arm-none-eabi/lib/thumb/arm946e-s\libc.a(libc_tinystdio_fputc.c.o)
                0x02012134                putc
                0x02012134                fputc
                0x02012134                putc_unlocked
 .text.ungetc   0x02012160       0x36 C:/msys64/opt/wonderful/toolchain/gcc-arm-none-eabi/lib/gcc/arm-none-eabi/15.1.0/../../../../arm-none-eabi/lib/thumb/arm946e-s\libc.a(libc_tinystdio_ungetc.c.o)
                0x02012160                ungetc
 .text.__picolibc_non_atomic_compare_exchange_ungetc
                0x02012196       0x12 C:/msys64/opt/wonderful/toolchain/gcc-arm-none-eabi/lib/gcc/arm-none-eabi/15.1.0/../../../../arm-none-eabi/lib/thumb/arm946e-s\libc.a(libc_tinystdio_compare_exchange.c.o)
                0x02012196                __atomic_compare_exchange_ungetc
                0x02012196                __picolibc_non_atomic_compare_exchange_ungetc
 .text.gettimeofday
                0x020121a8       0x1c C:/msys64/opt/wonderful/thirdparty/blocksds/core/libs/libnds/lib\libnds9.a(syscalls.c.o)
                0x020121a8                gettimeofday
 *fill*         0x020121c4        0x4 ff
 .text.gettimeofday.__stub
                0x020121c8       0x28 linker stubs
 *(EXCLUDE_FILE(*.twl*) .gnu.warning)
 *(EXCLUDE_FILE(*.twl*) .gnu.linkonce.t*)
 *(.glue_7)
 .glue_7        0x020121f0        0x0 linker stubs
 *(.glue_7t)
 .glue_7t       0x020121f0        0x0 linker stubs
                0x020121f0                        . = ALIGN (0x4)

.vfp11_veneer   0x020121f0        0x0
 .vfp11_veneer  0x020121f0        0x0 linker stubs

.v4_bx          0x020121f0        0x0
 .v4_bx         0x020121f0        0x0 linker stubs

.iplt           0x020121f0        0x0
 .iplt          0x020121f0        0x0 C:/msys64/opt/wonderful/thirdparty/blocksds/core/sys/crts/ds_arm9_crt0.o

.fini           0x020121f0        0x8
 *(.fini)
 .fini          0x020121f0        0x8 C:/msys64/opt/wonderful/toolchain/gcc-arm-none-eabi/lib/gcc/arm-none-eabi/15.1.0/thumb/arm946e-s/crtn.o
                0x020121f8                        __text_end = .

.rodata         0x020121f8     0xce5c
 *(EXCLUDE_FILE(*.twl*) .rodata)
 .rodata        0x020121f8       0x38 build/NQMT/source/main.cpp.o
 .rodata        0x02012230       0x14 C:/msys64/opt/wonderful/thirdparty/blocksds/core/libs/libnds/lib\libnds9.a(fatfs.c.o)
 .rodata        0x02012244       0x40 C:/msys64/opt/wonderful/thirdparty/blocksds/core/libs/libnds/lib\libnds9.a(exceptions.c.o)
 .rodata        0x02012284       0x18 C:/msys64/opt/wonderful/toolchain/gcc-arm-none-eabi/lib/gcc/arm-none-eabi/15.1.0/../../../../arm-none-eabi/lib/thumb/arm946e-s\libc.a(libc_time_month_lengths.c.o)
                0x02012284                __month_lengths
 .rodata        0x0201229c        0xb C:/msys64/opt/wonderful/toolchain/gcc-arm-none-eabi/lib/gcc/arm-none-eabi/15.1.0/../../../../arm-none-eabi/lib/thumb/arm946e-s\libc.a(libc_tinystdio_vfscanf.c.o)
 *fill*         0x020122a7        0x1 ff
 .rodata        0x020122a8      0x340 C:/msys64/opt/wonderful/toolchain/gcc-arm-none-eabi/lib/gcc/arm-none-eabi/15.1.0/../../../../arm-none-eabi/lib/thumb/arm946e-s\libc.a(libc_tinystdio_ryu_table.c.o)
 .rodata        0x020125e8        0x4 C:/msys64/opt/wonderful/toolchain/gcc-arm-none-eabi/lib/gcc/arm-none-eabi/15.1.0/../../../../arm-none-eabi/lib/thumb/arm946e-s\libc.a(libc_stdlib_environ.c.o)
 *all.rodata*(*)
 *(EXCLUDE_FILE(*.twl*) .roda)
 *(EXCLUDE_FILE(*.twl*) .rodata.*)
 .rodata.arrowsPal
                0x020125ec      0x200 build/NQMT/gfx/arrows.png.o
                0x020125ec                arrowsPal
 .rodata.arrowsTiles
                0x020127ec     0x1400 build/NQMT/gfx/arrows.png.o
                0x020127ec                arrowsTiles
 .rodata.tiny_fat_luigiTiles
                0x02013bec     0x1000 build/NQMT/gfx/tiny_fat_luigi.png.o
                0x02013bec                tiny_fat_luigiTiles
 .rodata.titlePal
                0x02014bec      0x200 build/NQMT/gfx/title.png.o
                0x02014bec                titlePal
 .rodata.titleMap
                0x02014dec      0x800 build/NQMT/gfx/title.png.o
                0x02014dec                titleMap
 .rodata.titleTiles
                0x020155ec     0x8300 build/NQMT/gfx/title.png.o
                0x020155ec                titleTiles
 .rodata.main.str1.4
                0x0201d8ec      0x460 build/NQMT/source/main.cpp.o
                                 0xa6 (size before relaxing)
 .rodata._ZN4NQMT10PlayStreamEv.str1.4
                0x0201dd4c       0x4c build/NQMT/engine/source/nqmt_audio.cpp.o
 .rodata._ZN4NQMT8LoadSongEPKc.str1.4
                0x0201dd4c        0x3 build/NQMT/engine/source/nqmt_audio.cpp.o
 .rodata._ZN4NQMT12EventHandlerC2EPKchPNS_5eventE.str1.4
                0x0201dd4c        0x3 build/NQMT/engine/source/nqmt_event.cpp.o
 .rodata._ZN4NQMT12EventHandler6UpdateEm.str1.4
                0x0201dd4c       0x24 build/NQMT/engine/source/nqmt_event.cpp.o
 .rodata._ZN4NQMT6initFSEv.str1.4
                0x0201dd4c        0x7 build/NQMT/engine/source/nqmt_fs.cpp.o
 .rodata._ZN4NQMT6InitBGEv.str1.4
                0x0201dd4c       0xaf build/NQMT/engine/source/nqmt_gfx.cpp.o
 .rodata._ZN4NQMT8Sprite2D11SetPositionEii.str1.4
                0x0201dd4c       0xab build/NQMT/engine/source/nqmt_gfx.cpp.o
 .rodata.CSWTCH.21
                0x0201dd4c       0x19 build/NQMT/engine/source/nqmt_gfx.cpp.o
 *fill*         0x0201dd65        0x3 ff
 .rodata.CSWTCH.20
                0x0201dd68       0x32 build/NQMT/engine/source/nqmt_gfx.cpp.o
 *fill*         0x0201dd9a        0x2 ff
 .rodata.con_write
                0x0201dd9c      0x118 C:/msys64/opt/wonderful/thirdparty/blocksds/core/libs/libnds/lib\libnds9.a(console.c.o)
 .rodata.chdir.str1.4
                0x0201deb4        0xb C:/msys64/opt/wonderful/thirdparty/blocksds/core/libs/libnds/lib\libnds9.a(chdir.c.o)
 .rodata.fatGetDefaultCwd.str1.4
                0x0201deb4        0xd C:/msys64/opt/wonderful/thirdparty/blocksds/core/libs/libnds/lib\libnds9.a(fatfs.c.o)
 .rodata.CSWTCH.24
                0x0201deb4        0xc C:/msys64/opt/wonderful/thirdparty/blocksds/core/libs/libnds/lib\libnds9.a(filesystem.c.o)
 .rodata.stderr
                0x0201dec0        0x4 C:/msys64/opt/wonderful/thirdparty/blocksds/core/libs/libnds/lib\libnds9.a(iob.c.o)
                0x0201dec0                stderr
 .rodata.stdout
                0x0201dec4        0x4 C:/msys64/opt/wonderful/thirdparty/blocksds/core/libs/libnds/lib\libnds9.a(iob.c.o)
                0x0201dec4                stdout
 .rodata.stdin  0x0201dec8        0x4 C:/msys64/opt/wonderful/thirdparty/blocksds/core/libs/libnds/lib\libnds9.a(iob.c.o)
                0x0201dec8                stdin
 .rodata.nitrofs_use_for_path.str1.4
                0x0201decc        0xc C:/msys64/opt/wonderful/thirdparty/blocksds/core/libs/libnds/lib\libnds9.a(nitrofs.c.o)
 .rodata.__sassert.str1.4
                0x0201decc       0x73 C:/msys64/opt/wonderful/thirdparty/blocksds/core/libs/libnds/lib\libnds9.a(sassert.c.o)
 .rodata.systemValueHandler.str1.4
                0x0201decc       0x2b C:/msys64/opt/wonderful/thirdparty/blocksds/core/libs/libnds/lib\libnds9.a(system.c.o)
 .rodata.systemValueHandler
                0x0201decc       0x10 C:/msys64/opt/wonderful/thirdparty/blocksds/core/libs/libnds/lib\libnds9.a(system.c.o)
 .rodata.bgTransform
                0x0201dedc       0x20 C:/msys64/opt/wonderful/thirdparty/blocksds/core/libs/libnds/lib\libnds9.a(background.c.o)
                0x0201dedc                bgTransform
 .rodata.bgScrollTable
                0x0201defc       0x20 C:/msys64/opt/wonderful/thirdparty/blocksds/core/libs/libnds/lib\libnds9.a(background.c.o)
                0x0201defc                bgScrollTable
 .rodata.bgControl
                0x0201df1c       0x20 C:/msys64/opt/wonderful/thirdparty/blocksds/core/libs/libnds/lib\libnds9.a(background.c.o)
                0x0201df1c                bgControl
 .rodata.__retarget_lock_init_recursive.str1.4
                0x0201df3c        0xa C:/msys64/opt/wonderful/thirdparty/blocksds/core/libs/libnds/lib\libnds9.a(locks.c.o)
 .rodata.__retarget_lock_close_recursive.str1.4
                0x0201df3c        0xb C:/msys64/opt/wonderful/thirdparty/blocksds/core/libs/libnds/lib\libnds9.a(locks.c.o)
 .rodata.__retarget_lock_release_recursive.str1.4
                0x0201df3c        0xd C:/msys64/opt/wonderful/thirdparty/blocksds/core/libs/libnds/lib\libnds9.a(locks.c.o)
 .rodata.get_ldnumber.str1.4
                0x0201df3c        0x7 C:/msys64/opt/wonderful/thirdparty/blocksds/core/libs/libnds/lib\libnds9.a(ff.c.o)
 .rodata.follow_path.str1.4
                0x0201df3c       0x13 C:/msys64/opt/wonderful/thirdparty/blocksds/core/libs/libnds/lib\libnds9.a(ff.c.o)
 .rodata.check_fs.str1.4
                0x0201df3c        0x9 C:/msys64/opt/wonderful/thirdparty/blocksds/core/libs/libnds/lib\libnds9.a(ff.c.o)
 .rodata.ExCvt  0x0201df3c       0x80 C:/msys64/opt/wonderful/thirdparty/blocksds/core/libs/libnds/lib\libnds9.a(ff.c.o)
 .rodata.LfnOfs
                0x0201dfbc        0xd C:/msys64/opt/wonderful/thirdparty/blocksds/core/libs/libnds/lib\libnds9.a(ff.c.o)
 *fill*         0x0201dfc9        0x3 ff
 .rodata.ff_wtoupper
                0x0201dfcc       0x24 C:/msys64/opt/wonderful/thirdparty/blocksds/core/libs/libnds/lib\libnds9.a(ffunicode.c.o)
 .rodata.cvt2.0
                0x0201dff0       0xbc C:/msys64/opt/wonderful/thirdparty/blocksds/core/libs/libnds/lib\libnds9.a(ffunicode.c.o)
 .rodata.cvt1.1
                0x0201e0ac      0x1f2 C:/msys64/opt/wonderful/thirdparty/blocksds/core/libs/libnds/lib\libnds9.a(ffunicode.c.o)
 *fill*         0x0201e29e        0x2 ff
 .rodata.uc437  0x0201e2a0      0x100 C:/msys64/opt/wonderful/thirdparty/blocksds/core/libs/libnds/lib\libnds9.a(ffunicode.c.o)
 .rodata.default_fontTiles
                0x0201e3a0      0x300 C:/msys64/opt/wonderful/thirdparty/blocksds/core/libs/libnds/lib\libnds9.a(default_font.png.o)
                0x0201e3a0                default_fontTiles
 .rodata.releaseCrashHandler.str1.4
                0x0201e6a0       0x33 C:/msys64/opt/wonderful/thirdparty/blocksds/core/libs/libnds/lib\libnds9.a(exceptions.c.o)
 .rodata.exceptionStatePrint.str1.4
                0x0201e6a0       0x54 C:/msys64/opt/wonderful/thirdparty/blocksds/core/libs/libnds/lib\libnds9.a(exceptions.c.o)
 .rodata.str1.4
                0x0201e6a0       0x40 C:/msys64/opt/wonderful/thirdparty/blocksds/core/libs/libnds/lib\libnds9.a(exceptions.c.o)
 .rodata.SIN_LUT
                0x0201e6a0      0x102 C:/msys64/opt/wonderful/thirdparty/blocksds/core/libs/libnds/lib\libnds9.a(trig.c.o)
                0x0201e6a0                SIN_LUT
 .rodata.str1.1
                0x0201e7a2      0x8b2 C:/msys64/opt/wonderful/toolchain/gcc-arm-none-eabi/lib/gcc/arm-none-eabi/15.1.0/../../../../arm-none-eabi/lib/thumb/arm946e-s\libc.a(libc_time_tzset.c.o)
                                 0x61 (size before relaxing)
 .rodata.str1.1
                0x0201f054        0x4 C:/msys64/opt/wonderful/toolchain/gcc-arm-none-eabi/lib/gcc/arm-none-eabi/15.1.0/../../../../arm-none-eabi/lib/thumb/arm946e-s\libc.a(libc_time_tzvars.c.o)
 .rodata.str1.1
                0x0201f054        0x9 C:/msys64/opt/wonderful/toolchain/gcc-arm-none-eabi/lib/gcc/arm-none-eabi/15.1.0/../../../../arm-none-eabi/lib/thumb/arm946e-s\libc.a(libc_tinystdio_perror.c.o)
 .rodata.str1.1
                0x0201f054        0xf C:/msys64/opt/wonderful/toolchain/gcc-arm-none-eabi/lib/gcc/arm-none-eabi/15.1.0/../../../../arm-none-eabi/lib/thumb/arm946e-s\libc.a(libc_tinystdio_vfprintf.c.o)
 .rodata.str1.1
                0x0201f054       0x15 C:/msys64/opt/wonderful/toolchain/gcc-arm-none-eabi/lib/gcc/arm-none-eabi/15.1.0/../../../../arm-none-eabi/lib/thumb/arm946e-s\libc.a(libc_tinystdio_vfscanf.c.o)
 .rodata.str1.1
                0x0201f054      0x838 C:/msys64/opt/wonderful/toolchain/gcc-arm-none-eabi/lib/gcc/arm-none-eabi/15.1.0/../../../../arm-none-eabi/lib/thumb/arm946e-s\libc.a(libc_string_strerror.c.o)
 *(EXCLUDE_FILE(*.twl*) .gnu.linkonce.r*)
                0x0201f88c                        . = ALIGN (0x4)

.ARM.extab
 *(.ARM.extab* .gnu.linkonce.armextab.*)
                0x0201f054                        __exidx_start = .

ARM.exidx       0x0201f054        0x8
 *(.ARM.exidx* .gnu.linkonce.armexidx.*)
 .ARM.exidx     0x0201f054        0x8 C:/msys64/opt/wonderful/toolchain/gcc-arm-none-eabi/lib/gcc/arm-none-eabi/15.1.0/thumb/arm946e-s\libgcc.a(_udivmoddi4.o)
                0x0201f05c                        __exidx_end = .
                0x0201f05c                        . = ALIGN (0x4)

.init_array     0x0201f05c        0x0
                [!provide]                        PROVIDE (__preinit_array_start = .)
                0x0201f05c                        PROVIDE (__bothinit_array_start = .)
 *(.preinit_array)
                [!provide]                        PROVIDE (__preinit_array_end = .)
                [!provide]                        PROVIDE (__init_array_start = .)
 *(SORT_BY_INIT_PRIORITY(.init_array.*) SORT_BY_INIT_PRIORITY(.ctors.*))
 *(.init_array EXCLUDE_FILE(*crtend?.o *crtend.o *crtbegin?.o *crtbegin.o) .ctors)
                [!provide]                        PROVIDE (__init_array_end = .)
                0x0201f05c                        PROVIDE (__bothinit_array_end = .)

.fini_array     0x0201f05c        0x0
                0x0201f05c                        PROVIDE (__fini_array_start = .)
 *(SORT_BY_INIT_PRIORITY(.fini_array.*) SORT_BY_INIT_PRIORITY(.dtors.*))
 *(.fini_array EXCLUDE_FILE(*crtend?.o *crtend.o *crtbegin?.o *crtbegin.o) .dtors)
                0x0201f05c                        PROVIDE (__fini_array_end = .)

.ctors          0x0201f05c        0x0
 *crtbegin.o(.ctors)
 *crtbegin?.o(.ctors)
 *(EXCLUDE_FILE(*crtend?.o *crtend.o) .ctors)
 *(SORT_BY_NAME(.ctors.*))
 *(.ctors)
                0x0201f05c                        . = ALIGN (0x4)

.dtors          0x0201f05c        0x0
 *crtbegin.o(.dtors)
 *crtbegin?.o(.dtors)
 *(EXCLUDE_FILE(*crtend?.o *crtend.o) .dtors)
 *(SORT_BY_NAME(.dtors.*))
 *(.dtors)
                0x0201f05c                        . = ALIGN (0x4)

.eh_frame       0x0201f05c        0x4
 *(.eh_frame)
 .eh_frame      0x0201f05c        0x4 C:/msys64/opt/wonderful/toolchain/gcc-arm-none-eabi/lib/gcc/arm-none-eabi/15.1.0/thumb/arm946e-s/crtend.o
                0x0201f060                        . = ALIGN (0x4)

.gcc_except_table
                0x0201f060        0x0
 *(.gcc_except_table .gcc_except_table.*)
                0x0201f060                        . = ALIGN (0x4)

.got            0x0201f060       0x10
 *(.got.plt)
 .got.plt       0x0201f060        0xc C:/msys64/opt/wonderful/thirdparty/blocksds/core/sys/crts/ds_arm9_crt0.o
                0x0201f060                _GLOBAL_OFFSET_TABLE_
 *(.got)
 .got           0x0201f06c        0x4 C:/msys64/opt/wonderful/thirdparty/blocksds/core/sys/crts/ds_arm9_crt0.o
 *(.rel.got)
 .rel.got       0x0201f070        0x0 C:/msys64/opt/wonderful/thirdparty/blocksds/core/sys/crts/ds_arm9_crt0.o

.ewram          0x0201f070        0x0
                0x0201f070                        __ewram_start = ABSOLUTE (.)
 *(.ewram)
 *ewram.*(.text)
                0x0201f070                        . = ALIGN (0x4)

.data           0x0201f070      0x4d0
                0x0201f070                        __data_start = ABSOLUTE (.)
 *(EXCLUDE_FILE(*.twl*) .data)
 .data          0x0201f070       0x28 C:/msys64/opt/wonderful/thirdparty/blocksds/core/libs/libnds/lib\libnds9.a(mpu_setup.s.o)
 .data          0x0201f098      0x410 C:/msys64/opt/wonderful/toolchain/gcc-arm-none-eabi/lib/gcc/arm-none-eabi/15.1.0/../../../../arm-none-eabi/lib/thumb/arm946e-s\libc.a(malloc-malloc.c.o)
                0x0201f098                __malloc_sbrk_base
                0x0201f09c                __malloc_trim_threshold
                0x0201f0a0                __malloc_av_
 .data          0x0201f4a8        0x8 C:/msys64/opt/wonderful/toolchain/gcc-arm-none-eabi/lib/gcc/arm-none-eabi/15.1.0/../../../../arm-none-eabi/lib/thumb/arm946e-s\libc.a(libc_time_tzvars.c.o)
                0x0201f4a8                tzname
 .data          0x0201f4b0        0x4 C:/msys64/opt/wonderful/toolchain/gcc-arm-none-eabi/lib/gcc/arm-none-eabi/15.1.0/../../../../arm-none-eabi/lib/thumb/arm946e-s\libc.a(libc_stdlib_environ.c.o)
                0x0201f4b0                environ
 *(EXCLUDE_FILE(*.twl*) .data.*)
 .data.firstConsoleInit.0
                0x0201f4b4        0x1 C:/msys64/opt/wonderful/thirdparty/blocksds/core/libs/libnds/lib\libnds9.a(console.c.o)
 *fill*         0x0201f4b5        0x3 ff
 .data.currentConsole
                0x0201f4b8        0x4 C:/msys64/opt/wonderful/thirdparty/blocksds/core/libs/libnds/lib\libnds9.a(console.c.o)
 .data.__stderr
                0x0201f4bc       0x10 C:/msys64/opt/wonderful/thirdparty/blocksds/core/libs/libnds/lib\libnds9.a(iob.c.o)
 .data.__stdout
                0x0201f4cc       0x10 C:/msys64/opt/wonderful/thirdparty/blocksds/core/libs/libnds/lib\libnds9.a(iob.c.o)
 .data.__stdin  0x0201f4dc       0x10 C:/msys64/opt/wonderful/thirdparty/blocksds/core/libs/libnds/lib\libnds9.a(iob.c.o)
 .data.dldi_mode
                0x0201f4ec        0x1 C:/msys64/opt/wonderful/thirdparty/blocksds/core/libs/libnds/lib\libnds9.a(dldi.c.o)
 *fill*         0x0201f4ed        0x3 ff
 .data.__io_dldi_arm7_interface
                0x0201f4f0       0x20 C:/msys64/opt/wonderful/thirdparty/blocksds/core/libs/libnds/lib\libnds9.a(dldi.c.o)
                0x0201f4f0                __io_dldi_arm7_interface
 .data.count    0x0201f510        0x1 C:/msys64/opt/wonderful/thirdparty/blocksds/core/libs/libnds/lib\libnds9.a(keys.c.o)
 .data.repeat   0x0201f511        0x1 C:/msys64/opt/wonderful/thirdparty/blocksds/core/libs/libnds/lib\libnds9.a(keys.c.o)
 .data.delay    0x0201f512        0x1 C:/msys64/opt/wonderful/thirdparty/blocksds/core/libs/libnds/lib\libnds9.a(keys.c.o)
 *fill*         0x0201f513        0x1 ff
 .data.latchedArm7Buttons
                0x0201f514        0x2 C:/msys64/opt/wonderful/thirdparty/blocksds/core/libs/libnds/lib\libnds9.a(keys.c.o)
 .data.receivedArm7Buttons
                0x0201f516        0x2 C:/msys64/opt/wonderful/thirdparty/blocksds/core/libs/libnds/lib\libnds9.a(keys.c.o)
 .data.oamMain  0x0201f518       0x14 C:/msys64/opt/wonderful/thirdparty/blocksds/core/libs/libnds/lib\libnds9.a(sprite.c.o)
                0x0201f518                oamMain
 .data.fifo_freewords
                0x0201f52c        0x4 C:/msys64/opt/wonderful/thirdparty/blocksds/core/libs/libnds/lib\libnds9.a(fifosystem.c.o)
 .data.fifo_receive_queue
                0x0201f530        0x4 C:/msys64/opt/wonderful/thirdparty/blocksds/core/libs/libnds/lib\libnds9.a(fifosystem.c.o)
 .data.fifo_send_queue